Component: ARM Compiler 5.06 update 4 (build 422) Tool: armlink [4d35d2]

==============================================================================

Section Cross References

    main.o(i.InitData) refers to device_flash.o(i.FlashRead) for FlashRead
    main.o(i.InitData) refers to system.o(.bss) for App
    main.o(i.InitData) refers to system.o(.data) for AppDataPointer
    main.o(i.InitData) refers to systemglobal.o(.data) for ABValue
    main.o(i.main) refers to main.o(i.InitData) for InitData
    main.o(i.main) refers to thread.o(i.rt_thread_create) for rt_thread_create
    main.o(i.main) refers to thread.o(i.rt_thread_startup) for rt_thread_startup
    main.o(i.main) refers to kservice.o(i.rt_kprintf) for rt_kprintf
    main.o(i.main) refers to device_usart.o(i.thread_uartDMA_receive_entry) for thread_uartDMA_receive_entry
    main.o(i.main) refers to main.o(.data) for task1
    main.o(i.main) refers to device_menu.o(i.thread_Menu_show_entry) for thread_Menu_show_entry
    main.o(i.main) refers to device_key.o(i.thread_Key_scan_entry) for thread_Key_scan_entry
    main.o(i.rt_hw_console_output) refers to scheduler.o(i.rt_enter_critical) for rt_enter_critical
    main.o(i.rt_hw_console_output) refers to scheduler.o(i.rt_exit_critical) for rt_exit_critical
    stm32f4xx_it.o(i.OTG_FS_IRQHandler) refers to stm32f4xx_hal_pcd.o(i.HAL_PCD_IRQHandler) for HAL_PCD_IRQHandler
    stm32f4xx_it.o(i.OTG_FS_IRQHandler) refers to usbd_conf.o(.bss) for hpcd_USB_OTG_FS
    system_stm32f4xx.o(i.SystemCoreClockUpdate) refers to system_stm32f4xx.o(.data) for SystemCoreClock
    system_stm32f4xx.o(i.SystemCoreClockUpdate) refers to system_stm32f4xx.o(.constdata) for AHBPrescTable
    startup_stm32f401xe.o(RESET) refers to startup_stm32f401xe.o(STACK) for __initial_sp
    startup_stm32f401xe.o(RESET) refers to startup_stm32f401xe.o(.text) for Reset_Handler
    startup_stm32f401xe.o(RESET) refers to stm32f4xx_it.o(i.NMI_Handler) for NMI_Handler
    startup_stm32f401xe.o(RESET) refers to context_rvds.o(.text) for HardFault_Handler
    startup_stm32f401xe.o(RESET) refers to stm32f4xx_it.o(i.MemManage_Handler) for MemManage_Handler
    startup_stm32f401xe.o(RESET) refers to stm32f4xx_it.o(i.BusFault_Handler) for BusFault_Handler
    startup_stm32f401xe.o(RESET) refers to stm32f4xx_it.o(i.UsageFault_Handler) for UsageFault_Handler
    startup_stm32f401xe.o(RESET) refers to stm32f4xx_it.o(i.SVC_Handler) for SVC_Handler
    startup_stm32f401xe.o(RESET) refers to stm32f4xx_it.o(i.DebugMon_Handler) for DebugMon_Handler
    startup_stm32f401xe.o(RESET) refers to board.o(i.SysTick_Handler) for SysTick_Handler
    startup_stm32f401xe.o(RESET) refers to device_usart.o(i.USART1_IRQHandler) for USART1_IRQHandler
    startup_stm32f401xe.o(RESET) refers to device_usart.o(i.USART2_IRQHandler) for USART2_IRQHandler
    startup_stm32f401xe.o(RESET) refers to device_usart.o(i.DMA2_Stream2_IRQHandler) for DMA2_Stream2_IRQHandler
    startup_stm32f401xe.o(RESET) refers to stm32f4xx_it.o(i.OTG_FS_IRQHandler) for OTG_FS_IRQHandler
    startup_stm32f401xe.o(RESET) refers to device_usart.o(i.DMA2_Stream7_IRQHandler) for DMA2_Stream7_IRQHandler
    startup_stm32f401xe.o(.text) refers to system_stm32f4xx.o(i.SystemInit) for SystemInit
    startup_stm32f401xe.o(.text) refers to entry.o(.ARM.Collect$$$$00000000) for __main
    stm32f4xx_hal.o(i.HAL_DeInit) refers to stm32f4xx_hal.o(i.HAL_MspDeInit) for HAL_MspDeInit
    stm32f4xx_hal.o(i.HAL_Delay) refers to stm32f4xx_hal.o(i.HAL_GetTick) for HAL_GetTick
    stm32f4xx_hal.o(i.HAL_GetTick) refers to stm32f4xx_hal.o(.data) for uwTick
    stm32f4xx_hal.o(i.HAL_IncTick) refers to stm32f4xx_hal.o(.data) for uwTick
    stm32f4xx_hal.o(i.HAL_Init) refers to stm32f4xx_hal_cortex.o(i.HAL_NVIC_SetPriorityGrouping) for HAL_NVIC_SetPriorityGrouping
    stm32f4xx_hal.o(i.HAL_Init) refers to stm32f4xx_hal.o(i.HAL_InitTick) for HAL_InitTick
    stm32f4xx_hal.o(i.HAL_Init) refers to stm32f4xx_hal.o(i.HAL_MspInit) for HAL_MspInit
    stm32f4xx_hal.o(i.HAL_InitTick) refers to stm32f4xx_hal_rcc.o(i.HAL_RCC_GetHCLKFreq) for HAL_RCC_GetHCLKFreq
    stm32f4xx_hal.o(i.HAL_InitTick) refers to stm32f4xx_hal_cortex.o(i.HAL_SYSTICK_Config) for HAL_SYSTICK_Config
    stm32f4xx_hal.o(i.HAL_InitTick) refers to stm32f4xx_hal_cortex.o(i.HAL_NVIC_SetPriority) for HAL_NVIC_SetPriority
    stm32f4xx_hal_cortex.o(i.HAL_NVIC_GetPriorityGrouping) refers to stm32f4xx_hal_cortex.o(i.NVIC_GetPriorityGrouping) for NVIC_GetPriorityGrouping
    stm32f4xx_hal_cortex.o(i.HAL_NVIC_SetPriority) refers to stm32f4xx_hal_cortex.o(i.NVIC_GetPriorityGrouping) for NVIC_GetPriorityGrouping
    stm32f4xx_hal_cortex.o(i.HAL_NVIC_SetPriority) refers to stm32f4xx_hal_cortex.o(i.NVIC_SetPriority) for NVIC_SetPriority
    stm32f4xx_hal_cortex.o(i.HAL_SYSTICK_Config) refers to stm32f4xx_hal_cortex.o(i.NVIC_SetPriority) for NVIC_SetPriority
[...]
    HAL_I2C_MspInit                          0x08002415   Thumb Code     2  stm32f4xx_hal_i2c.o(i.HAL_I2C_MspInit)
    HAL_IncTick                              0x08002419   Thumb Code    12  stm32f4xx_hal.o(i.HAL_IncTick)
    HAL_Init                                 0x08002429   Thumb Code    54  stm32f4xx_hal.o(i.HAL_Init)
    HAL_InitTick                             0x08002465   Thumb Code    36  stm32f4xx_hal.o(i.HAL_InitTick)
    HAL_MspInit                              0x08002489   Thumb Code    10  stm32f4xx_hal.o(i.HAL_MspInit)
    HAL_NVIC_EnableIRQ                       0x08002493   Thumb Code    26  stm32f4xx_hal_cortex.o(i.HAL_NVIC_EnableIRQ)
    HAL_NVIC_SetPriority                     0x080024ad   Thumb Code   124  stm32f4xx_hal_cortex.o(i.HAL_NVIC_SetPriority)
    HAL_NVIC_SetPriorityGrouping             0x08002529   Thumb Code    32  stm32f4xx_hal_cortex.o(i.HAL_NVIC_SetPriorityGrouping)
    HAL_PCD_ConnectCallback                  0x08002551   Thumb Code    14  usbd_conf.o(i.HAL_PCD_ConnectCallback)
    HAL_PCD_DataInStageCallback              0x0800255f   Thumb Code    32  usbd_conf.o(i.HAL_PCD_DataInStageCallback)
    HAL_PCD_DataOutStageCallback             0x0800257f   Thumb Code    32  usbd_conf.o(i.HAL_PCD_DataOutStageCallback)
    HAL_PCD_DisconnectCallback               0x0800259f   Thumb Code    14  usbd_conf.o(i.HAL_PCD_DisconnectCallback)
    HAL_PCD_EP_ClrStall                      0x080025ad   Thumb Code   104  stm32f4xx_hal_pcd.o(i.HAL_PCD_EP_ClrStall)
    HAL_PCD_EP_Open                          0x08002615   Thumb Code   140  stm32f4xx_hal_pcd.o(i.HAL_PCD_EP_Open)
    HAL_PCD_EP_Receive                       0x080026a1   Thumb Code   120  stm32f4xx_hal_pcd.o(i.HAL_PCD_EP_Receive)
    HAL_PCD_EP_SetStall                      0x08002719   Thumb Code   122  stm32f4xx_hal_pcd.o(i.HAL_PCD_EP_SetStall)
    HAL_PCD_EP_Transmit                      0x08002793   Thumb Code   122  stm32f4xx_hal_pcd.o(i.HAL_PCD_EP_Transmit)
    HAL_PCD_IRQHandler                       0x0800280d   Thumb Code  1374  stm32f4xx_hal_pcd.o(i.HAL_PCD_IRQHandler)
    HAL_PCD_ISOINIncompleteCallback          0x08002d6b   Thumb Code    18  usbd_conf.o(i.HAL_PCD_ISOINIncompleteCallback)
    HAL_PCD_ISOOUTIncompleteCallback         0x08002d7d   Thumb Code    18  usbd_conf.o(i.HAL_PCD_ISOOUTIncompleteCallback)
    HAL_PCD_ResetCallback                    0x08002d8f   Thumb Code    66  usbd_conf.o(i.HAL_PCD_ResetCallback)
    HAL_PCD_ResumeCallback                   0x08002dd1   Thumb Code    14  usbd_conf.o(i.HAL_PCD_ResumeCallback)
    HAL_PCD_SOFCallback                      0x08002ddf   Thumb Code    14  usbd_conf.o(i.HAL_PCD_SOFCallback)
    HAL_PCD_SetAddress                       0x08002ded   Thumb Code    50  stm32f4xx_hal_pcd.o(i.HAL_PCD_SetAddress)
    HAL_PCD_SetupStageCallback               0x08002e1f   Thumb Code    18  usbd_conf.o(i.HAL_PCD_SetupStageCallback)
    HAL_PCD_SuspendCallback                  0x08002e31   Thumb Code    46  usbd_conf.o(i.HAL_PCD_SuspendCallback)
    HAL_RCC_ClockConfig                      0x08002e65   Thumb Code   680  stm32f4xx_hal_rcc.o(i.HAL_RCC_ClockConfig)
    HAL_RCC_GetHCLKFreq                      0x08003115   Thumb Code    42  stm32f4xx_hal_rcc.o(i.HAL_RCC_GetHCLKFreq)
    HAL_RCC_GetPCLK1Freq                     0x0800314d   Thumb Code    36  stm32f4xx_hal_rcc.o(i.HAL_RCC_GetPCLK1Freq)
    HAL_RCC_GetPCLK2Freq                     0x08003179   Thumb Code    36  stm32f4xx_hal_rcc.o(i.HAL_RCC_GetPCLK2Freq)
    HAL_RCC_GetSysClockFreq                  0x080031a5   Thumb Code   168  stm32f4xx_hal_rcc.o(i.HAL_RCC_GetSysClockFreq)
    HAL_RCC_OscConfig                        0x08003259   Thumb Code  1032  stm32f4xx_hal_rcc.o(i.HAL_RCC_OscConfig)
    HAL_SPI_DeInit                           0x08003661   Thumb Code    48  stm32f4xx_hal_spi.o(i.HAL_SPI_DeInit)
    HAL_SPI_Init                             0x08003691   Thumb Code   136  stm32f4xx_hal_spi.o(i.HAL_SPI_Init)
    HAL_SPI_MspDeInit                        0x08003719   Thumb Code     2  stm32f4xx_hal_spi.o(i.HAL_SPI_MspDeInit)
    HAL_SPI_MspInit                          0x0800371d   Thumb Code   138  device_spi.o(i.HAL_SPI_MspInit)
    HAL_SPI_TransmitReceive                  0x080037b1   Thumb Code   850  stm32f4xx_hal_spi.o(i.HAL_SPI_TransmitReceive)
    HAL_SYSTICK_CLKSourceConfig              0x08003b03   Thumb Code    40  stm32f4xx_hal_cortex.o(i.HAL_SYSTICK_CLKSourceConfig)
    HAL_SYSTICK_Config                       0x08003b2b   Thumb Code    52  stm32f4xx_hal_cortex.o(i.HAL_SYSTICK_Config)
    HAL_UART_DMAStop                         0x08003b5f   Thumb Code    62  stm32f4xx_hal_uart.o(i.HAL_UART_DMAStop)
    HAL_UART_ErrorCallback                   0x08003b9d   Thumb Code     2  stm32f4xx_hal_uart.o(i.HAL_UART_ErrorCallback)
    HAL_UART_IRQHandler                      0x08003b9f   Thumb Code    36  stm32f4xx_hal_uart.o(i.HAL_UART_IRQHandler)
    HAL_UART_Init                            0x08003bc3   Thumb Code   114  stm32f4xx_hal_uart.o(i.HAL_UART_Init)
    HAL_UART_MspInit                         0x08003c35   Thumb Code     2  stm32f4xx_hal_uart.o(i.HAL_UART_MspInit)
    HAL_UART_Receive_DMA                     0x08003c39   Thumb Code   124  stm32f4xx_hal_uart.o(i.HAL_UART_Receive_DMA)
    HAL_UART_RxCpltCallback                  0x08003cc1   Thumb Code     2  device_usart.o(i.HAL_UART_RxCpltCallback)
    HAL_UART_RxHalfCpltCallback              0x08003cc3   Thumb Code     2  stm32f4xx_hal_uart.o(i.HAL_UART_RxHalfCpltCallback)
    HAL_UART_Transmit                        0x08003cc5   Thumb Code   196  stm32f4xx_hal_uart.o(i.HAL_UART_Transmit)
    HAL_UART_Transmit_DMA                    0x08003d89   Thumb Code   134  stm32f4xx_hal_uart.o(i.HAL_UART_Transmit_DMA)
    HAL_UART_TxCpltCallback                  0x08003e1d   Thumb Code    30  device_usart.o(i.HAL_UART_TxCpltCallback)
    HAL_UART_TxHalfCpltCallback              0x08003e41   Thumb Code     2  stm32f4xx_hal_uart.o(i.HAL_UART_TxHalfCpltCallback)
    HSI_Clock_Init                           0x08003e45   Thumb Code   486  system.o(i.HSI_Clock_Init)
    HomePageShow                             0x08004045   Thumb Code   780  device_menu.o(i.HomePageShow)
    HomepageParsing                          0x080044f1   Thumb Code   874  device_menu.o(i.HomepageParsing)
    IIC1_Init                                0x08004a09   Thumb Code    68  device_iic.o(i.IIC1_Init)
    Init433Module                            0x08004bd5   Thumb Code   102  device_433.o(i.Init433Module)
    InitLCD                                  0x08004cb9   Thumb Code   266  device_oled.o(i.InitLCD)
    KeyProcess                               0x08004f7d   Thumb Code  2898  device_key.o(i.KeyProcess)
    KeyScan_Result                           0x08005b0d   Thumb Code  1680  device_key.o(i.KeyScan_Result)
    Key_init                                 0x08006391   Thumb Code   292  device_key.o(i.Key_init)
    LCD_Fill                                 0x080064d5   Thumb Code    60  device_oled.o(i.LCD_Fill)
    LCD_Print                                0x08006511   Thumb Code   100  device_oled.o(i.LCD_Print)
    LCD_Set_Pos                              0x08006575   Thumb Code    42  device_oled.o(i.LCD_Set_Pos)
    LCD_WrCmd                                0x080065a1   Thumb Code    24  device_oled.o(i.LCD_WrCmd)
    LCD_WrDat                                0x080065c1   Thumb Code    36  device_oled.o(i.LCD_WrDat)
    LanguageSetMenu                          0x080065ed   Thumb Code    82  device_menu.o(i.LanguageSetMenu)
    MemManage_Handler                        0x08006659   Thumb Code     4  stm32f4xx_it.o(i.MemManage_Handler)
    ModbusMasterAsk                          0x0800665d   Thumb Code   112  device_crc.o(i.ModbusMasterAsk)
    ModbusMasterRead                         0x080066e5   Thumb Code    84  device_crc.o(i.ModbusMasterRead)
    NMI_Handler                              0x08006831   Thumb Code     2  stm32f4xx_it.o(i.NMI_Handler)
    OLED_DrawPoint                           0x0800686d   Thumb Code    92  device_oled.o(i.OLED_DrawPoint)
    OLED_Refresh_Gram                        0x080068cd   Thumb Code    64  device_oled.o(i.OLED_Refresh_Gram)
    OTG_FS_IRQHandler                        0x08006911   Thumb Code    10  stm32f4xx_it.o(i.OTG_FS_IRQHandler)
    ParaSetFunction                          0x08006b51   Thumb Code   300  device_menu.o(i.ParaSetFunction)
    ParameterInqury                          0x08006c9d   Thumb Code   202  device_menu.o(i.ParameterInqury)
    ParameterSetShow                         0x08006d75   Thumb Code   352  device_menu.o(i.ParameterSetShow)
    ParameterSetupMenu                       0x08006f05   Thumb Code   108  device_menu.o(i.ParameterSetupMenu)
    PoweroffMenu                             0x08006f99   Thumb Code    26  device_menu.o(i.PoweroffMenu)
    PutAscii                                 0x080071b9   Thumb Code   118  device_oled.o(i.PutAscii)
    PutHanzi                                 0x08007239   Thumb Code   220  device_oled.o(i.PutHanzi)
    SPI1_ReadWriteByte                       0x08007399   Thumb Code    28  device_spi.o(i.SPI1_ReadWriteByte)
    SPI1_init                                0x080073b9   Thumb Code   162  device_spi.o(i.SPI1_init)
    SVC_Handler                              0x08007581   Thumb Code     2  stm32f4xx_it.o(i.SVC_Handler)
    SelectReceiverMenuShow                   0x08007771   Thumb Code   258  device_menu.o(i.SelectReceiverMenuShow)
    SetFrequency                             0x080078bd   Thumb Code   192  device_433.o(i.SetFrequency)
    SetSlaverAddr                            0x0800798d   Thumb Code   186  device_433.o(i.SetSlaverAddr)
    SetupPageShow                            0x08007a59   Thumb Code   200  device_menu.o(i.SetupPageShow)
    SysSetFunction                           0x08007dcd   Thumb Code    52  device_menu.o(i.SysSetFunction)
    SysTick_Handler                          0x08007e09   Thumb Code    20  board.o(i.SysTick_Handler)
    SystemInit                               0x08007e1d   Thumb Code    82  system_stm32f4xx.o(i.SystemInit)
    SystemSetPageShow                        0x08007e81   Thumb Code   238  device_menu.o(i.SystemSetPageShow)
    SystemSetupMenu                          0x08007f91   Thumb Code    74  device_menu.o(i.SystemSetupMenu)
    USART1_IRQHandler                        0x0800855d   Thumb Code    20  device_usart.o(i.USART1_IRQHandler)
    USART2_IRQHandler                        0x08008575   Thumb Code    10  device_usart.o(i.USART2_IRQHandler)
    USBD_ClrClassConfig                      0x08008585   Thumb Code    22  usbd_core.o(i.USBD_ClrClassConfig)
    USBD_CtlContinueRx                       0x080085df   Thumb Code    24  usbd_ioreq.o(i.USBD_CtlContinueRx)
    USBD_CtlContinueSendData                 0x080085f7   Thumb Code    24  usbd_ioreq.o(i.USBD_CtlContinueSendData)
    USBD_CtlError                            0x0800860f   Thumb Code    24  usbd_ctlreq.o(i.USBD_CtlError)
    USBD_CtlReceiveStatus                    0x08008627   Thumb Code    26  usbd_ioreq.o(i.USBD_CtlReceiveStatus)
    USBD_CtlSendData                         0x08008641   Thumb Code    34  usbd_ioreq.o(i.USBD_CtlSendData)
    USBD_CtlSendStatus                       0x08008663   Thumb Code    26  usbd_ioreq.o(i.USBD_CtlSendStatus)
    USBD_LL_ClearStallEP                     0x08008859   Thumb Code    20  usbd_conf.o(i.USBD_LL_ClearStallEP)
    USBD_LL_DataInStage                      0x0800886d   Thumb Code   218  usbd_core.o(i.USBD_LL_DataInStage)
    USBD_LL_DataOutStage                     0x08008947   Thumb Code   134  usbd_core.o(i.USBD_LL_DataOutStage)
    USBD_LL_DevConnected                     0x080089cd   Thumb Code     6  usbd_core.o(i.USBD_LL_DevConnected)
    USBD_LL_DevDisconnected                  0x080089d3   Thumb Code    26  usbd_core.o(i.USBD_LL_DevDisconnected)
    USBD_LL_IsStallEP                        0x080089ed   Thumb Code    56  usbd_conf.o(i.USBD_LL_IsStallEP)
    USBD_LL_IsoINIncomplete                  0x08008a25   Thumb Code     6  usbd_core.o(i.USBD_LL_IsoINIncomplete)
    USBD_LL_IsoOUTIncomplete                 0x08008a2b   Thumb Code     6  usbd_core.o(i.USBD_LL_IsoOUTIncomplete)
    USBD_LL_OpenEP                           0x08008a31   Thumb Code    32  usbd_conf.o(i.USBD_LL_OpenEP)
    USBD_LL_PrepareReceive                   0x08008a51   Thumb Code    32  usbd_conf.o(i.USBD_LL_PrepareReceive)
    USBD_LL_Reset                            0x08008a71   Thumb Code    68  usbd_core.o(i.USBD_LL_Reset)
    USBD_LL_Resume                           0x08008ab5   Thumb Code    14  usbd_core.o(i.USBD_LL_Resume)
    USBD_LL_SOF                              0x08008ac3   Thumb Code    34  usbd_core.o(i.USBD_LL_SOF)
    USBD_LL_SetSpeed                         0x08008ae5   Thumb Code     8  usbd_core.o(i.USBD_LL_SetSpeed)
    USBD_LL_SetUSBAddress                    0x08008aed   Thumb Code    20  usbd_conf.o(i.USBD_LL_SetUSBAddress)
    USBD_LL_SetupStage                       0x08008b01   Thumb Code   110  usbd_core.o(i.USBD_LL_SetupStage)
    USBD_LL_StallEP                          0x08008b6f   Thumb Code    20  usbd_conf.o(i.USBD_LL_StallEP)
    USBD_LL_Suspend                          0x08008b83   Thumb Code    20  usbd_core.o(i.USBD_LL_Suspend)
    USBD_LL_Transmit                         0x08008b97   Thumb Code    46  usbd_conf.o(i.USBD_LL_Transmit)
    USBD_ParseSetupRequest                   0x08008bc5   Thumb Code    40  usbd_ctlreq.o(i.USBD_ParseSetupRequest)
    USBD_RunTestMode                         0x08008bed   Thumb Code     6  usbd_core.o(i.USBD_RunTestMode)
    USBD_SetClassConfig                      0x08008c47   Thumb Code    34  usbd_core.o(i.USBD_SetClassConfig)
    USBD_StdDevReq                           0x08008d6d   Thumb Code   114  usbd_ctlreq.o(i.USBD_StdDevReq)
    USBD_StdEPReq                            0x08008ddf   Thumb Code   342  usbd_ctlreq.o(i.USBD_StdEPReq)
    USBD_StdItfReq                           0x08008f35   Thumb Code    74  usbd_ctlreq.o(i.USBD_StdItfReq)
    USB_ActivateEndpoint                     0x08008f81   Thumb Code   192  stm32f4xx_ll_usb.o(i.USB_ActivateEndpoint)
    USB_ActivateSetup                        0x08009045   Thumb Code    68  stm32f4xx_ll_usb.o(i.USB_ActivateSetup)
    USB_EP0StartXfer                         0x08009089   Thumb Code   426  stm32f4xx_ll_usb.o(i.USB_EP0StartXfer)
    USB_EP0_OutStart                         0x08009239   Thumb Code    68  stm32f4xx_ll_usb.o(i.USB_EP0_OutStart)
    USB_EPClearStall                         0x0800927d   Thumb Code   136  stm32f4xx_ll_usb.o(i.USB_EPClearStall)
    USB_EPSetStall                           0x08009305   Thumb Code   140  stm32f4xx_ll_usb.o(i.USB_EPSetStall)
    USB_EPStartXfer                          0x08009391   Thumb Code   714  stm32f4xx_ll_usb.o(i.USB_EPStartXfer)
    USB_FlushTxFifo                          0x08009661   Thumb Code    44  stm32f4xx_ll_usb.o(i.USB_FlushTxFifo)
    USB_GetDevSpeed                          0x08009691   Thumb Code    68  stm32f4xx_ll_usb.o(i.USB_GetDevSpeed)
    USB_GetMode                              0x080096d5   Thumb Code    10  stm32f4xx_ll_usb.o(i.USB_GetMode)
    USB_ReadDevAllInEpInterrupt              0x080096df   Thumb Code    18  stm32f4xx_ll_usb.o(i.USB_ReadDevAllInEpInterrupt)
    USB_ReadDevAllOutEpInterrupt             0x080096f1   Thumb Code    18  stm32f4xx_ll_usb.o(i.USB_ReadDevAllOutEpInterrupt)
    USB_ReadDevInEPInterrupt                 0x08009703   Thumb Code    44  stm32f4xx_ll_usb.o(i.USB_ReadDevInEPInterrupt)
    USB_ReadDevOutEPInterrupt                0x0800972f   Thumb Code    22  stm32f4xx_ll_usb.o(i.USB_ReadDevOutEPInterrupt)
    USB_ReadInterrupts                       0x08009745   Thumb Code    12  stm32f4xx_ll_usb.o(i.USB_ReadInterrupts)
    USB_ReadPacket                           0x08009751   Thumb Code    40  stm32f4xx_ll_usb.o(i.USB_ReadPacket)
    USB_SetDevAddress                        0x08009779   Thumb Code    36  stm32f4xx_ll_usb.o(i.USB_SetDevAddress)
    USB_WritePacket                          0x0800979d   Thumb Code    58  stm32f4xx_ll_usb.o(i.USB_WritePacket)
    UsageFault_Handler                       0x080097d7   Thumb Code     4  stm32f4xx_it.o(i.UsageFault_Handler)
    UsartReceive_IDLE                        0x080097dd   Thumb Code    82  device_usart.o(i.UsartReceive_IDLE)
    __0sprintf$1                             0x08009835   Thumb Code    34  printf1.o(i.__0sprintf$1)
    __1sprintf$1                             0x08009835   Thumb Code     0  printf1.o(i.__0sprintf$1)
    __2sprintf                               0x08009835   Thumb Code     0  printf1.o(i.__0sprintf$1)
    __rt_ffs                                 0x0800985d   Thumb Code    70  kservice.o(i.__rt_ffs)
    __scatterload_copy                       0x080098a9   Thumb Code    14  handlers.o(i.__scatterload_copy)
    __scatterload_null                       0x080098b7   Thumb Code     2  handlers.o(i.__scatterload_null)
    __scatterload_zeroinit                   0x080098b9   Thumb Code    14  handlers.o(i.__scatterload_zeroinit)
    delay_init                               0x08009b31   Thumb Code    58  system.o(i.delay_init)
    delay_ms                                 0x08009b75   Thumb Code    66  system.o(i.delay_ms)
    delay_osschedlock                        0x08009bc5   Thumb Code     8  system.o(i.delay_osschedlock)
    delay_osschedunlock                      0x08009bcd   Thumb Code     8  system.o(i.delay_osschedunlock)
    delay_ostimedly                          0x08009bd5   Thumb Code    12  system.o(i.delay_ostimedly)
    delay_us                                 0x08009be1   Thumb Code    84  system.o(i.delay_us)
    $Super$$main                             0x08009d4d   Thumb Code   150  main.o(i.main)
    main_thread_entry                        0x08009ecd   Thumb Code    14  components.o(i.main_thread_entry)
    rt_application_init                      0x0800a0e1   Thumb Code    32  components.o(i.rt_application_init)
    rt_components_board_init                 0x0800a10d   Thumb Code    20  components.o(i.rt_components_board_init)
    rt_components_init                       0x0800a129   Thumb Code    20  components.o(i.rt_components_init)
    rt_enter_critical                        0x0800a145   Thumb Code    28  scheduler.o(i.rt_enter_critical)
    rt_exit_critical                         0x0800a165   Thumb Code    54  scheduler.o(i.rt_exit_critical)
    rt_free                                  0x0800a1a1   Thumb Code    98  mem.o(i.rt_free)
    rt_hw_board_init                         0x0800a219   Thumb Code   186  board.o(i.rt_hw_board_init)
    rt_hw_console_output                     0x0800a301   Thumb Code    14  main.o(i.rt_hw_console_output)
    rt_hw_hard_fault_exception               0x0800a311   Thumb Code   108  cpuport.o(i.rt_hw_hard_fault_exception)
    rt_hw_stack_init                         0x0800a41d   Thumb Code    74  cpuport.o(i.rt_hw_stack_init)
    rt_interrupt_enter                       0x0800a46d   Thumb Code    26  irq.o(i.rt_interrupt_enter)
    rt_interrupt_leave                       0x0800a48d   Thumb Code    26  irq.o(i.rt_interrupt_leave)
    rt_kprintf                               0x0800a53d   Thumb Code    44  kservice.o(i.rt_kprintf)
    rt_malloc                                0x0800a5f5   Thumb Code   336  mem.o(i.rt_malloc)
    rt_memset                                0x0800a761   Thumb Code    72  kservice.o(i.rt_memset)
    rt_mutex_create                          0x0800a7a9   Thumb Code    50  ipc.o(i.rt_mutex_create)
    rt_object_allocate                       0x0800a7dd   Thumb Code    72  object.o(i.rt_object_allocate)
    rt_object_delete                         0x0800a829   Thumb Code    32  object.o(i.rt_object_delete)
    rt_object_detach                         0x0800a849   Thumb Code    26  object.o(i.rt_object_detach)
    rt_object_init                           0x0800a865   Thumb Code    58  object.o(i.rt_object_init)
    rt_object_is_systemobject                0x0800a8a5   Thumb Code    18  object.o(i.rt_object_is_systemobject)
    rt_schedule                              0x0800a8b9   Thumb Code    98  scheduler.o(i.rt_schedule)
    rt_schedule_insert_thread                0x0800a935   Thumb Code    64  scheduler.o(i.rt_schedule_insert_thread)
    rt_schedule_remove_thread                0x0800a97d   Thumb Code    76  scheduler.o(i.rt_schedule_remove_thread)
    rt_sem_init                              0x0800a9d1   Thumb Code    38  ipc.o(i.rt_sem_init)
    rt_sem_release                           0x0800a9f7   Thumb Code    58  ipc.o(i.rt_sem_release)
    rt_sem_take                              0x0800aa31   Thumb Code   116  ipc.o(i.rt_sem_take)
    rt_show_version                          0x0800aaa5   Thumb Code    44  kservice.o(i.rt_show_version)
    rt_strlen                                0x0800ab7d   Thumb Code    18  kservice.o(i.rt_strlen)
    rt_strncpy                               0x0800ab8f   Thumb Code    52  kservice.o(i.rt_strncpy)
    rt_system_heap_init                      0x0800abc5   Thumb Code   160  mem.o(i.rt_system_heap_init)
    rt_system_scheduler_init                 0x0800acbd   Thumb Code    52  scheduler.o(i.rt_system_scheduler_init)
    rt_system_scheduler_start                0x0800ad09   Thumb Code    36  scheduler.o(i.rt_system_scheduler_start)
    rt_system_timer_init                     0x0800ad39   Thumb Code    24  timer.o(i.rt_system_timer_init)
    rt_system_timer_thread_init              0x0800ad55   Thumb Code     2  timer.o(i.rt_system_timer_thread_init)
    rt_thread_create                         0x0800ad57   Thumb Code    80  thread.o(i.rt_thread_create)
    rt_thread_delay                          0x0800ada7   Thumb Code    12  thread.o(i.rt_thread_delay)
    rt_thread_exit                           0x0800adb5   Thumb Code    76  thread.o(i.rt_thread_exit)
    rt_thread_idle_excute                    0x0800ae11   Thumb Code   114  idle.o(i.rt_thread_idle_excute)
    rt_thread_idle_init                      0x0800ae89   Thumb Code    38  idle.o(i.rt_thread_idle_init)
    rt_thread_init                           0x0800aec5   Thumb Code    52  thread.o(i.rt_thread_init)
    rt_thread_resume                         0x0800aef9   Thumb Code    56  thread.o(i.rt_thread_resume)
    rt_thread_self                           0x0800af31   Thumb Code     6  thread.o(i.rt_thread_self)
    rt_thread_sleep                          0x0800af3d   Thumb Code    62  thread.o(i.rt_thread_sleep)
    rt_thread_startup                        0x0800af81   Thumb Code    44  thread.o(i.rt_thread_startup)
    rt_thread_suspend                        0x0800afad   Thumb Code    54  thread.o(i.rt_thread_suspend)
    rt_thread_timeout                        0x0800afe3   Thumb Code    32  thread.o(i.rt_thread_timeout)
    rt_thread_yield                          0x0800b005   Thumb Code    88  thread.o(i.rt_thread_yield)
    rt_tick_get                              0x0800b065   Thumb Code     6  clock.o(i.rt_tick_get)
    rt_tick_increase                         0x0800b071   Thumb Code    42  clock.o(i.rt_tick_increase)
    rt_timer_check                           0x0800b0a1   Thumb Code   118  timer.o(i.rt_timer_check)
    rt_timer_control                         0x0800b11d   Thumb Code    56  timer.o(i.rt_timer_control)
    rt_timer_delete                          0x0800b155   Thumb Code    32  timer.o(i.rt_timer_delete)
    rt_timer_detach                          0x0800b175   Thumb Code    32  timer.o(i.rt_timer_detach)
    rt_timer_init                            0x0800b195   Thumb Code    46  timer.o(i.rt_timer_init)
    rt_timer_start                           0x0800b1c5   Thumb Code   238  timer.o(i.rt_timer_start)
    rt_timer_stop                            0x0800b2bd   Thumb Code    48  timer.o(i.rt_timer_stop)
    rt_vsnprintf                             0x0800b2ed   Thumb Code   800  kservice.o(i.rt_vsnprintf)
    rtthread_startup                         0x0800b621   Thumb Code    42  components.o(i.rtthread_startup)
    thread_Key_scan_entry                    0x0800b671   Thumb Code   350  device_key.o(i.thread_Key_scan_entry)
    thread_Menu_show_entry                   0x0800b829   Thumb Code   248  device_menu.o(i.thread_Menu_show_entry)
    thread_uartDMA_receive_entry             0x0800b945   Thumb Code   172  device_usart.o(i.thread_uartDMA_receive_entry)
    uart1_SendByte                           0x0800ba05   Thumb Code    18  device_usart.o(i.uart1_SendByte)
    uart1_SendData_DMA                       0x0800ba1d   Thumb Code    46  device_usart.o(i.uart1_SendData_DMA)
    uart1_SendNByte                          0x0800ba55   Thumb Code    22  device_usart.o(i.uart1_SendNByte)
    uart1_SendString                         0x0800ba71   Thumb Code    30  device_usart.o(i.uart1_SendString)
    uart1_init                               0x0800ba95   Thumb Code   468  device_usart.o(i.uart1_init)
    APBAHBPrescTable                         0x0800bc9c   Data          16  stm32f4xx_hal_rcc.o(.constdata)
    BAT_RB5                                  0x0800bcb4   Data          21  systemglobal.o(.constdata)
    BAT_RB4                                  0x0800bcc9   Data          21  systemglobal.o(.constdata)
    BAT_RB3                                  0x0800bcde   Data          21  systemglobal.o(.constdata)
    BAT_RB2                                  0x0800bcf3   Data          21  systemglobal.o(.constdata)
    BAT_RB1                                  0x0800bd08   Data          21  systemglobal.o(.constdata)
    BAT_RB0                                  0x0800bd1d   Data          21  systemglobal.o(.constdata)
    Signal_2                                 0x0800bd32   Data          16  systemglobal.o(.constdata)
    Signal_1                                 0x0800bd42   Data           8  systemglobal.o(.constdata)
    Signal_0                                 0x0800bd4a   Data           8  systemglobal.o(.constdata)
    BAT_B3                                   0x0800bd52   Data          14  systemglobal.o(.constdata)
    BAT_B2                                   0x0800bd60   Data          14  systemglobal.o(.constdata)
    BAT_B1                                   0x0800bd6e   Data          14  systemglobal.o(.constdata)
    BAT_B0                                   0x0800bd7c   Data          14  systemglobal.o(.constdata)
    BAT_CHAR                                 0x0800bd8a   Data          14  systemglobal.o(.constdata)
    TypeCode                                 0x0800bd98   Data         200  systemglobal.o(.constdata)
    TypeCodeNone                             0x0800be60   Data         200  systemglobal.o(.constdata)
    NowFrequeceIco                           0x0800bf28   Data         112  systemglobal.o(.constdata)
    ParaSetIco                               0x0800bf98   Data         112  systemglobal.o(.constdata)
    LanguIco                                 0x0800c008   Data         112  systemglobal.o(.constdata)
    SystemSetIco                             0x0800c078   Data         112  systemglobal.o(.constdata)
    ExitSetupIco                             0x0800c0e8   Data         112  systemglobal.o(.constdata)
    ChooseDevIco                             0x0800c158   Data         112  systemglobal.o(.constdata)
    BackLightIco                             0x0800c1c8   Data         112  systemglobal.o(.constdata)
    BackLightTimeIco                         0x0800c238   Data         112  systemglobal.o(.constdata)
    TurnoffTimeIco                           0x0800c2a8   Data         112  systemglobal.o(.constdata)
    IDIco                                    0x0800c318   Data         112  systemglobal.o(.constdata)
    ForceIco                                 0x0800c388   Data          64  systemglobal.o(.constdata)
    InoutIco                                 0x0800c3c8   Data          64  systemglobal.o(.constdata)
    SpacingIco                               0x0800c408   Data          64  systemglobal.o(.constdata)
    LengthIco                                0x0800c448   Data          64  systemglobal.o(.constdata)
    MovementIco                              0x0800c488   Data          96  systemglobal.o(.constdata)
    IndelayIco                               0x0800c4e8   Data          96  systemglobal.o(.constdata)
    OutnumIco                                0x0800c548   Data          96  systemglobal.o(.constdata)
    ABIco                                    0x0800c5a8   Data          96  systemglobal.o(.constdata)
    ExitIco                                  0x0800c608   Data          64  systemglobal.o(.constdata)
    PoweroffIco                              0x0800c648   Data         256  systemglobal.o(.constdata)
    PowerOffTimeIco                          0x0800c748   Data         128  systemglobal.o(.constdata)
    PowerOffTimeIco1                         0x0800c7c8   Data         128  systemglobal.o(.constdata)
    AlwaysOnIco                              0x0800c848   Data          64  systemglobal.o(.constdata)
    ChineseIco                               0x0800c888   Data          64  systemglobal.o(.constdata)
    EnglishIco                               0x0800c8c8   Data          64  systemglobal.o(.constdata)
    FONT5x7ASCII                             0x0800c908   Data         768  font5_7.o(.constdata)
    DCB2HEX_TAB                              0x0800cc08   Data           8  gui_stockc.o(.constdata)
    button_ok                                0x0800cc10   Data          98  menu.o(.constdata)
    button_ok1                               0x0800cc72   Data          98  menu.o(.constdata)
    button_cancle                            0x0800ccd4   Data          98  menu.o(.constdata)
    button_cancle1                           0x0800cd36   Data          98  menu.o(.constdata)
    F6x8                                     0x0800cd98   Data         552  device_oled.o(.constdata)
    F16x16_Idx                               0x0800cfc0   Data         113  device_oled.o(.constdata)
    F16x16                                   0x0800d031   Data        1792  device_oled.o(.constdata)
    F14x16_Idx                               0x0800d731   Data         119  device_oled.o(.constdata)
    F14x16                                   0x0800d7a8   Data        1652  device_oled.o(.constdata)
    F8X16                                    0x0800de1c   Data        1520  device_oled.o(.constdata)
    BUTTON_PIN                               0x0800e40c   Data           2  device_key.o(.constdata)
    BUTTON_IRQn                              0x0800e40e   Data           1  device_key.o(.constdata)
    DefaultReg                               0x0800e40f   Data          23  device_433.o(.constdata)
    Reset433Module                           0x0800e426   Data           7  device_433.o(.constdata)
    Read433ParaCMD                           0x0800e42d   Data           9  device_433.o(.constdata)
    CrcHighBlock                             0x0800e436   Data         256  device_crc.o(.constdata)
    CrcLowBlock                              0x0800e536   Data         256  device_crc.o(.constdata)
    __lowest_bit_bitmap                      0x0800e636   Data         256  kservice.o(.constdata)
    __rt_init_rti_board_start                0x0800e758   Data           4  components.o(.rti_fn.0.end)
    __rt_init_rti_board_end                  0x0800e75c   Data           4  components.o(.rti_fn.1.end)
    __rt_init_rti_end                        0x0800e760   Data           4  components.o(.rti_fn.6.end)
    Region$$Table$$Base                      0x0800e764   Number         0  anon$$obj.o(Region$$Table)
    Region$$Table$$Limit                     0x0800e784   Number         0  anon$$obj.o(Region$$Table)
    SystemCoreClock                          0x2000000c   Data           4  system_stm32f4xx.o(.data)
    AppDataPointer                           0x20000014   Data           4  system.o(.data)
    OSRunning                                0x2000001c   Data           1  system.o(.data)
    CmdShow                                  0x20000040   Data          25  systemglobal.o(.data)
    ModbusCmd1                               0x20000059   Data           8  systemglobal.o(.data)
    ModbusCmd2                               0x20000061   Data           8  systemglobal.o(.data)
    ModbusCmd3                               0x20000069   Data           8  systemglobal.o(.data)
    ModbusCmd4                               0x20000071   Data           8  systemglobal.o(.data)
    ModbusCmd5                               0x20000079   Data           8  systemglobal.o(.data)
    ModbusCmd6                               0x20000081   Data           8  systemglobal.o(.data)
    ModbusCmd7                               0x20000089   Data           8  systemglobal.o(.data)
    PowerOnFlag                              0x20000091   Data           1  systemglobal.o(.data)
    Menuhierarchy                            0x20000092   Data           1  systemglobal.o(.data)
    MenuChooseIndex                          0x20000093   Data           1  systemglobal.o(.data)
    ParaChooseIndex                          0x20000094   Data           1  systemglobal.o(.data)
    SysChooseIndex                           0x20000095   Data           1  systemglobal.o(.data)
    ParaMenuFlag                             0x20000096   Data           1  systemglobal.o(.data)
    ParaAskFlag                              0x20000097   Data           1  systemglobal.o(.data)
    SystemSetFlag                            0x20000098   Data           1  systemglobal.o(.data)
    OKorCancel                               0x20000099   Data           1  systemglobal.o(.data)
    ParaSetConfirm                           0x2000009a   Data           1  systemglobal.o(.data)
    DevIDConfirm                             0x2000009b   Data           1  systemglobal.o(.data)
    SystemSetConfirm                         0x2000009c   Data           1  systemglobal.o(.data)
    LanguageConfirm                          0x2000009d   Data           1  systemglobal.o(.data)
    ChargingFlag                             0x2000009e   Data           1  systemglobal.o(.data)
    SignalPower                              0x2000009f   Data           1  systemglobal.o(.data)
    RecPower                                 0x200000a0   Data           1  systemglobal.o(.data)
    Uart1enth                                0x200000a1   Data           1  systemglobal.o(.data)
    Ack_Flag                                 0x200000a2   Data           1  systemglobal.o(.data)
    Shortcut                                 0x200000a3   Data           1  systemglobal.o(.data)
    CodeSum                                  0x200000a4   Data           4  systemglobal.o(.data)
    TypeCodeTick                             0x200000a8   Data           1  systemglobal.o(.data)
    AckValue                                 0x200000aa   Data           2  systemglobal.o(.data)
    RssiFlag                                 0x200000ac   Data           1  systemglobal.o(.data)
    NonAck                                   0x200000ad   Data           1  systemglobal.o(.data)
    Read433Para                              0x200000ae   Data           1  systemglobal.o(.data)
    DevIdChooseIndex                         0x200000af   Data           1  systemglobal.o(.data)
    FreSetIndex                              0x200000b0   Data           1  systemglobal.o(.data)
    TurnoffTick                              0x200000b2   Data           2  systemglobal.o(.data)
    LanSetIndex                              0x200000b4   Data           1  systemglobal.o(.data)
    DeviceNum                                0x200000b5   Data           1  systemglobal.o(.data)
    FouthMenuIndex                           0x200000b6   Data           1  systemglobal.o(.data)
    ForceSetIndex                            0x200000b7   Data           1  systemglobal.o(.data)
    MovementSetIndex                         0x200000b8   Data           2  systemglobal.o(.data)
    InOutIndex                               0x200000ba   Data           1  systemglobal.o(.data)
    InOutValue                               0x200000bb   Data           1  systemglobal.o(.data)
    DelaySetIndex                            0x200000bc   Data           2  systemglobal.o(.data)
    SpacingIndex                             0x200000be   Data           2  systemglobal.o(.data)
    OutNumIndex                              0x200000c0   Data           2  systemglobal.o(.data)
    LengthSetIndex                           0x200000c2   Data           2  systemglobal.o(.data)
    ABSetIndex                               0x200000c4   Data           1  systemglobal.o(.data)
    ABValue                                  0x200000c5   Data           1  systemglobal.o(.data)
    DeviceIDConfirmTick                      0x200000c6   Data           8  systemglobal.o(.data)
    SysConfirmTick                           0x200000ce   Data           8  systemglobal.o(.data)
    ParaConfirmTick                          0x200000d6   Data           8  systemglobal.o(.data)
    TurnoffIndex                             0x200000de   Data           1  systemglobal.o(.data)
    TurnoffValue                             0x200000e0   Data           2  systemglobal.o(.data)
    resetConfirm                             0x200000e2   Data           1  systemglobal.o(.data)
    writeConfirm                             0x200000e3   Data           1  systemglobal.o(.data)
    MultiButtonValue                         0x200000e4   Data           4  systemglobal.o(.data)
    MultiKey                                 0x200000e8   Data           1  systemglobal.o(.data)
    TransmitFail                             0x200000e9   Data           1  systemglobal.o(.data)
    Enableupdate                             0x200000ea   Data           1  systemglobal.o(.data)
    EnableRead                               0x200000eb   Data           1  systemglobal.o(.data)
    LanguageIndex                            0x200000ec   Data           1  systemglobal.o(.data)
    CalcuResult                              0x200000ee   Data           2  systemglobal.o(.data)
    CRC_Result                               0x200000f0   Data           2  systemglobal.o(.data)
    BatFlag                                  0x200000f2   Data           1  systemglobal.o(.data)
    Lock_Code                                0x200000f4   Data           4  systemglobal.o(.data)
    disp_color                               0x200000f8   Data           1  gui_stockc.o(.data)
    back_color                               0x200000f9   Data           1  gui_stockc.o(.data)
    mutex                                    0x200000fc   Data           4  device_usart.o(.data)
    __stdout                                 0x20000108   Data           4  device_usart.o(.data)
    ADSum                                    0x20000114   Data           4  device_adc.o(.data)
    ADTick                                   0x20000118   Data           1  device_adc.o(.data)
    CMD1                                     0x2000012e   Data           8  device_key.o(.data)
    CMD2                                     0x20000136   Data           8  device_key.o(.data)
    CMD3                                     0x2000013e   Data           8  device_key.o(.data)
    CMD4                                     0x20000146   Data           8  device_key.o(.data)
    CMD5                                     0x2000014e   Data           8  device_key.o(.data)
    CheckCode                                0x20000156   Data           1  device_key.o(.data)
    CodeLineNum                              0x20000157   Data           1  device_key.o(.data)
    KeyIndex                                 0x20000158   Data           1  device_key.o(.data)
    BUTTON_PORT                              0x2000015c   Data           4  device_key.o(.data)
    ChangeCMD                                0x20000160   Data          15  device_key.o(.data)
    mulString1                               0x2000017c   Data          20  device_menu.o(.data)
    mulString2                               0x20000190   Data          20  device_menu.o(.data)
    mulString3                               0x200001a4   Data          20  device_menu.o(.data)
    mulString4                               0x200001b8   Data          20  device_menu.o(.data)
    CipherLineNum                            0x200001cc   Data           1  device_menu.o(.data)
    SetCMDBuf                                0x200001d8   Data          14  device_433.o(.data)
    MasterBuf                                0x200001e8   Data           8  device_crc.o(.data)
    rt_interrupt_from_thread                 0x200001fc   Data           4  cpuport.o(.data)
    rt_interrupt_to_thread                   0x20000200   Data           4  cpuport.o(.data)
    rt_thread_switch_interrupt_flag          0x20000204   Data           4  cpuport.o(.data)
    rt_interrupt_nest                        0x20000210   Data           1  irq.o(.data)
    rt_object_container                      0x2000022c   Data          80  object.o(.data)
    rt_current_thread                        0x20000280   Data           4  scheduler.o(.data)
    rt_current_priority                      0x20000284   Data           1  scheduler.o(.data)
    rt_thread_ready_priority_group           0x20000288   Data           4  scheduler.o(.data)
    rt_thread_defunct                        0x2000028c   Data           8  scheduler.o(.data)
    pFlash                                   0x200002a0   Data          32  stm32f4xx_hal_flash.o(.bss)
    App                                      0x200002c0   Data          68  system.o(.bss)
    System                                   0x20000304   Data          52  system.o(.bss)
    Uart1Handle                              0x20000338   Data          64  systemglobal.o(.bss)
    Uart2Handle                              0x20000378   Data          64  systemglobal.o(.bss)
    Uart6Handle                              0x200003b8   Data          64  systemglobal.o(.bss)
    hdma_tx                                  0x200003f8   Data          88  systemglobal.o(.bss)
    hdma_rx                                  0x20000450   Data          88  systemglobal.o(.bss)
    rxBuff                                   0x200004a8   Data          20  systemglobal.o(.bss)
    rx1Buff                                  0x200004bc   Data          10  systemglobal.o(.bss)
    UART1_RxBuffer                           0x200004c6   Data         256  device_usart.o(.bss)
    UART1_TxBuffer                           0x200005c6   Data         256  device_usart.o(.bss)
    UART2_RxBuffer                           0x200006c6   Data         256  device_usart.o(.bss)
    UART2_TxBuffer                           0x200007c6   Data         256  device_usart.o(.bss)
    UART6_RxBuffer                           0x200008c6   Data         256  device_usart.o(.bss)
    UART6_TxBuffer                           0x200009c6   Data         256  device_usart.o(.bss)
    UsartType1                               0x20000ac6   Data         260  device_usart.o(.bss)
    ADC1_Handler                             0x20000bcc   Data          68  device_adc.o(.bss)
    I2C1_Handle                              0x20000c10   Data          60  device_iic.o(.bss)
    SPI_Rxbuffer                             0x20000c4c   Data           9  device_spi.o(.bss)
    SpiHandle1                               0x20000c58   Data          88  device_spi.o(.bss)
    OLED_GRAM                                0x20000cc4   Data        1024  device_oled.o(.bss)
    power_key_det_timer                      0x200010c4   Data          44  device_key.o(.bss)
    soft_timer1                              0x200010f0   Data          44  device_key.o(.bss)
    soft_timer2                              0x2000111c   Data          44  device_key.o(.bss)
    soft_timer3                              0x20001148   Data          44  device_key.o(.bss)
    soft_timer4                              0x20001174   Data          44  device_key.o(.bss)
    soft_timer5                              0x200011a0   Data          44  device_menu.o(.bss)
    mulString5                               0x200011cc   Data          10  device_menu.o(.bss)
    winxp                                    0x200011d8   Data          40  device_menu.o(.bss)
    HomePage                                 0x20001200   Data          40  device_menu.o(.bss)
    hpcd_USB_OTG_FS                          0x20001228   Data         952  usbd_conf.o(.bss)
    rt_thread_priority_table                 0x200017f8   Data          64  scheduler.o(.bss)
    Image$$RW_IRAM1$$ZI$$Limit               0x20001c48   Number         0  anon$$obj.o ABSOLUTE
    __initial_sp                             0x20001c48   Data           0  startup_stm32f401xe.o(STACK)



==============================================================================

Memory Map of the image

  Image Entry point : 0x08000195

  Load Region LR_IROM1 (Base: 0x08000000, Size: 0x0000ea24, Max: 0x00080000, ABSOLUTE, COMPRESSED[0x0000e854])

    Execution Region ER_IROM1 (Base: 0x08000000, Size: 0x0000e784, Max: 0x00080000, ABSOLUTE)

    Base Addr    Size         Type   Attr      Idx    E Section Name        Object

    0x08000000   0x00000194   Data   RO          470    RESET               startup_stm32f401xe.o
    0x08000194   0x00000000   Code   RO         7286  * .ARM.Collect$$$$00000000  mc_w.l(entry.o)
    0x08000194   0x00000004   Code   RO         7592    .ARM.Collect$$$$00000001  mc_w.l(entry2.o)
    0x08000198   0x00000004   Code   RO         7595    .ARM.Collect$$$$00000004  mc_w.l(entry5.o)
    0x0800019c   0x00000000   Code   RO         7597    .ARM.Collect$$$$00000008  mc_w.l(entry7b.o)
    0x0800019c   0x00000000   Code   RO         7599    .ARM.Collect$$$$0000000A  mc_w.l(entry8b.o)
    0x0800019c   0x00000008   Code   RO         7600    .ARM.Collect$$$$0000000B  mc_w.l(entry9a.o)
    0x080001a4   0x00000000   Code   RO         7602    .ARM.Collect$$$$0000000D  mc_w.l(entry10a.o)
    0x080001a4   0x00000000   Code   RO         7604    .ARM.Collect$$$$0000000F  mc_w.l(entry11a.o)
    0x080001a4   0x00000004   Code   RO         7593    .ARM.Collect$$$$00002712  mc_w.l(entry2.o)
    0x080001a8   0x00000024   Code   RO          471    .text               startup_stm32f401xe.o
    0x080001cc   0x0000010c   Code   RO         6298    .text               context_rvds.o
    0x080002d8   0x00000024   Code   RO         7289    .text               mc_w.l(memcpya.o)
    0x080002fc   0x0000002c   Code   RO         7606    .text               mc_w.l(uidiv.o)
    0x08000328   0x00000024   Code   RO         7638    .text               mc_w.l(init.o)
    0x0800034c   0x00000056   Code   RO         7652    .text               mc_w.l(__dczerorl2.o)
    0x080003a2   0x0000000e   Code   RO         6376    i.$Sub$$main        components.o
    0x080003b0   0x00000120   Code   RO         5280    i.ABMenuShow        device_menu.o
    0x080004d0   0x00000178   Code   RO         1747    i.ADC_Init          stm32f4xx_hal_adc.o
    0x08000648   0x00000054   Code   RO         4740    i.AdcSystick100Routine  device_adc.o
    0x0800069c   0x00000044   Code   RO         4741    i.Adc_init          device_adc.o
    0x080006e0   0x00000038   Code   RO         5281    i.BackLightSetup    device_menu.o
    0x08000718   0x0000003c   Code   RO         5282    i.BackLightTime     device_menu.o
    0x08000754   0x00000004   Code   RO          359    i.BusFault_Handler  stm32f4xx_it.o
    0x08000758   0x000000b0   Code   RO         5180    i.CheckTurnPower    device_key.o
    0x08000808   0x0000008c   Code   RO         5283    i.CipherCheckFunction  device_menu.o
    0x08000894   0x0000003c   Code   RO         5520    i.Crc16             device_crc.o
    0x080008d0   0x00000010   Code   RO         4539    i.DMA2_Stream2_IRQHandler  device_usart.o
    0x080008e0   0x00000010   Code   RO         4540    i.DMA2_Stream7_IRQHandler  device_usart.o
    0x080008f0   0x00000034   Code   RO         1620    i.DMA_CalcBaseAndBitshift  stm32f4xx_hal_dma.o
    0x08000924   0x0000002c   Code   RO         1621    i.DMA_SetConfig     stm32f4xx_hal_dma.o
    0x08000950   0x000000e8   Code   RO         4542    i.DataAnalyzeCallFunction  device_usart.o
    0x08000a38   0x00000002   Code   RO          360    i.DebugMon_Handler  stm32f4xx_it.o
    0x08000a3a   0x00000002   PAD
    0x08000a3c   0x00000040   Code   RO         5284    i.DelayTurnoff      device_menu.o
    0x08000a7c   0x00000014   Code   RO         5181    i.EnableKeyDetect   device_key.o
    0x08000a90   0x00000004   Code   RO         3774    i.Error_Handler     system.o
    0x08000a94   0x00000068   Code   RO         3634    i.FLASH_Erase_Sector  stm32f4xx_hal_flash_ex.o
    0x08000afc   0x00000078   Code   RO         3635    i.FLASH_FlushCaches  stm32f4xx_hal_flash_ex.o
    0x08000b74   0x00000034   Code   RO         3636    i.FLASH_MassErase   stm32f4xx_hal_flash_ex.o
    0x08000ba8   0x00000024   Code   RO         3516    i.FLASH_Program_Byte  stm32f4xx_hal_flash.o
    0x08000bcc   0x0000002c   Code   RO         3517    i.FLASH_Program_DoubleWord  stm32f4xx_hal_flash.o
    0x08000bf8   0x00000028   Code   RO         3518    i.FLASH_Program_HalfWord  stm32f4xx_hal_flash.o
    0x08000c20   0x00000028   Code   RO         3519    i.FLASH_Program_Word  stm32f4xx_hal_flash.o
    0x08000c48   0x000000b4   Code   RO         3520    i.FLASH_SetErrorCode  stm32f4xx_hal_flash.o
    0x08000cfc   0x00000070   Code   RO         3521    i.FLASH_WaitForLastOperation  stm32f4xx_hal_flash.o
    0x08000d6c   0x00000010   Code   RO         4969    i.FlashRead         device_flash.o
    0x08000d7c   0x00000188   Code   RO         4970    i.FlashRsvWrite     device_flash.o
    0x08000f04   0x000000f0   Code   RO         5285    i.ForceMenuShow     device_menu.o
    0x08000ff4   0x00000068   Code   RO         4543    i.FreqAnalyze       device_usart.o
    0x0800105c   0x0000001c   Code   RO         4333    i.GUI_Button_Cancle  menu.o
    0x08001078   0x0000001c   Code   RO         4334    i.GUI_Button_Cancle1  menu.o
    0x08001094   0x0000001c   Code   RO         4335    i.GUI_Button_OK     menu.o
    0x080010b0   0x0000001c   Code   RO         4336    i.GUI_Button_OK1    menu.o
    0x080010cc   0x0000001c   Code   RO         4175    i.GUI_ExchangeColor  gui_stockc.o
    0x080010e8   0x00000008   Code   RO         4225    i.GUI_Exec          lcmdrv.o
    0x080010f0   0x0000002e   Code   RO         4227    i.GUI_HLine         lcmdrv.o
    0x0800111e   0x00000010   Code   RO         4228    i.GUI_Initialize    lcmdrv.o
    0x0800112e   0x000000ea   Code   RO         4063    i.GUI_Line          gui_basic.o
    0x08001218   0x00000084   Code   RO         4290    i.GUI_LoadLine      loadbit.o
    0x0800129c   0x00000038   Code   RO         4291    i.GUI_LoadPic       loadbit.o
    0x080012d4   0x00000040   Code   RO         4292    i.GUI_LoadPic1      loadbit.o
    0x08001314   0x00000014   Code   RO         4229    i.GUI_Point         lcmdrv.o
    0x08001328   0x00000094   Code   RO         3980    i.GUI_PutChar       font5_7.o
    0x080013bc   0x00000028   Code   RO         3982    i.GUI_PutString     font5_7.o
    0x080013e4   0x0000002e   Code   RO         4230    i.GUI_RLine         lcmdrv.o
    0x08001412   0x00000044   Code   RO         4069    i.GUI_Rectangle     gui_basic.o
    0x08001456   0x00000062   Code   RO         4070    i.GUI_RectangleFill  gui_basic.o
    0x080014b8   0x00000014   Code   RO         4178    i.GUI_SetColor      gui_stockc.o
    0x080014cc   0x000001c0   Code   RO         4504    i.GUI_WindowsDraw   windows.o
    0x0800168c   0x00000058   Code   RO         4505    i.GUI_WindowsHide   windows.o
    0x080016e4   0x00000038   Code   RO         4742    i.GetAdcValue       device_adc.o
    0x0800171c   0x00000020   Code   RO         5182    i.GetKeyState       device_key.o
    0x0800173c   0x00000040   Code   RO         7235    i.GetLockCode       board.o
    0x0800177c   0x0000006c   Code   RO         4971    i.GetSector         device_flash.o
    0x080017e8   0x00000078   Code   RO         4716    i.Gpio_init         device_gpio.o
    0x08001860   0x00000194   Code   RO         1749    i.HAL_ADC_ConfigChannel  stm32f4xx_hal_adc.o
    0x080019f4   0x00000008   Code   RO         1756    i.HAL_ADC_GetValue  stm32f4xx_hal_adc.o
    0x080019fc   0x00000050   Code   RO         1758    i.HAL_ADC_Init      stm32f4xx_hal_adc.o
    0x08001a4c   0x0000006c   Code   RO         4743    i.HAL_ADC_MspInit   device_adc.o
    0x08001ab8   0x00000082   Code   RO         1761    i.HAL_ADC_PollForConversion  stm32f4xx_hal_adc.o
    0x08001b3a   0x00000002   PAD
    0x08001b3c   0x000000c8   Code   RO         1763    i.HAL_ADC_Start     stm32f4xx_hal_adc.o
    0x08001c04   0x0000005e   Code   RO         1622    i.HAL_DMA_Abort     stm32f4xx_hal_dma.o
    0x08001c62   0x00000002   PAD
    0x08001c64   0x00000218   Code   RO         1626    i.HAL_DMA_IRQHandler  stm32f4xx_hal_dma.o
    0x08001e7c   0x00000084   Code   RO         1627    i.HAL_DMA_Init      stm32f4xx_hal_dma.o
    0x08001f00   0x0000006a   Code   RO         1630    i.HAL_DMA_Start_IT  stm32f4xx_hal_dma.o
    0x08001f6a   0x00000002   PAD
    0x08001f6c   0x000000ac   Code   RO         3650    i.HAL_FLASHEx_Erase  stm32f4xx_hal_flash_ex.o
    0x08002018   0x00000014   Code   RO         3525    i.HAL_FLASH_Lock    stm32f4xx_hal_flash.o
    0x0800202c   0x00000098   Code   RO         3530    i.HAL_FLASH_Program  stm32f4xx_hal_flash.o
    0x080020c4   0x0000002c   Code   RO         3532    i.HAL_FLASH_Unlock  stm32f4xx_hal_flash.o
    0x080020f0   0x000001d4   Code   RO          755    i.HAL_GPIO_Init     stm32f4xx_hal_gpio.o
    0x080022c4   0x00000010   Code   RO          757    i.HAL_GPIO_ReadPin  stm32f4xx_hal_gpio.o
    0x080022d4   0x0000000c   Code   RO          759    i.HAL_GPIO_WritePin  stm32f4xx_hal_gpio.o
    0x080022e0   0x0000000c   Code   RO          491    i.HAL_GetTick       stm32f4xx_hal.o
    0x080022ec   0x00000008   Code   RO         2018    i.HAL_I2C_GetState  stm32f4xx_hal_i2c.o
    0x080022f4   0x00000120   Code   RO         2019    i.HAL_I2C_Init      stm32f4xx_hal_i2c.o
    0x08002414   0x00000002   Code   RO         2038    i.HAL_I2C_MspInit   stm32f4xx_hal_i2c.o
    0x08002416   0x00000002   PAD
    0x08002418   0x00000010   Code   RO          492    i.HAL_IncTick       stm32f4xx_hal.o
    0x08002428   0x0000003c   Code   RO          493    i.HAL_Init          stm32f4xx_hal.o
    0x08002464   0x00000024   Code   RO          494    i.HAL_InitTick      stm32f4xx_hal.o
    0x08002488   0x0000000a   Code   RO          496    i.HAL_MspInit       stm32f4xx_hal.o
    0x08002492   0x0000001a   Code   RO          627    i.HAL_NVIC_EnableIRQ  stm32f4xx_hal_cortex.o
    0x080024ac   0x0000007c   Code   RO          633    i.HAL_NVIC_SetPriority  stm32f4xx_hal_cortex.o
    0x08002528   0x00000028   Code   RO          634    i.HAL_NVIC_SetPriorityGrouping  stm32f4xx_hal_cortex.o
    0x08002550   0x0000000e   Code   RO         5633    i.HAL_PCD_ConnectCallback  usbd_conf.o
    0x0800255e   0x00000020   Code   RO         5634    i.HAL_PCD_DataInStageCallback  usbd_conf.o
    0x0800257e   0x00000020   Code   RO         5635    i.HAL_PCD_DataOutStageCallback  usbd_conf.o
    0x0800259e   0x0000000e   Code   RO         5636    i.HAL_PCD_DisconnectCallback  usbd_conf.o
    0x080025ac   0x00000068   Code   RO         2755    i.HAL_PCD_EP_ClrStall  stm32f4xx_hal_pcd.o
    0x08002614   0x0000008c   Code   RO         2758    i.HAL_PCD_EP_Open   stm32f4xx_hal_pcd.o
    0x080026a0   0x00000078   Code   RO         2759    i.HAL_PCD_EP_Receive  stm32f4xx_hal_pcd.o
    0x08002718   0x0000007a   Code   RO         2760    i.HAL_PCD_EP_SetStall  stm32f4xx_hal_pcd.o
    0x08002792   0x0000007a   Code   RO         2761    i.HAL_PCD_EP_Transmit  stm32f4xx_hal_pcd.o
    0x0800280c   0x0000055e   Code   RO         2763    i.HAL_PCD_IRQHandler  stm32f4xx_hal_pcd.o
    0x08002d6a   0x00000012   Code   RO         5637    i.HAL_PCD_ISOINIncompleteCallback  usbd_conf.o
    0x08002d7c   0x00000012   Code   RO         5638    i.HAL_PCD_ISOOUTIncompleteCallback  usbd_conf.o
    0x08002d8e   0x00000042   Code   RO         5641    i.HAL_PCD_ResetCallback  usbd_conf.o
    0x08002dd0   0x0000000e   Code   RO         5642    i.HAL_PCD_ResumeCallback  usbd_conf.o
    0x08002dde   0x0000000e   Code   RO         5643    i.HAL_PCD_SOFCallback  usbd_conf.o
    0x08002dec   0x00000032   Code   RO         2771    i.HAL_PCD_SetAddress  stm32f4xx_hal_pcd.o
    0x08002e1e   0x00000012   Code   RO         5644    i.HAL_PCD_SetupStageCallback  usbd_conf.o
    0x08002e30   0x00000034   Code   RO         5645    i.HAL_PCD_SuspendCallback  usbd_conf.o
    0x08002e64   0x000002b0   Code   RO         1017    i.HAL_RCC_ClockConfig  stm32f4xx_hal_rcc.o
    0x08003114   0x00000038   Code   RO         1022    i.HAL_RCC_GetHCLKFreq  stm32f4xx_hal_rcc.o
    0x0800314c   0x0000002c   Code   RO         1024    i.HAL_RCC_GetPCLK1Freq  stm32f4xx_hal_rcc.o
    0x08003178   0x0000002c   Code   RO         1025    i.HAL_RCC_GetPCLK2Freq  stm32f4xx_hal_rcc.o
    0x080031a4   0x000000b4   Code   RO         1026    i.HAL_RCC_GetSysClockFreq  stm32f4xx_hal_rcc.o
    0x08003258   0x00000408   Code   RO         1029    i.HAL_RCC_OscConfig  stm32f4xx_hal_rcc.o
    0x08003660   0x00000030   Code   RO         3275    i.HAL_SPI_DeInit    stm32f4xx_hal_spi.o
    0x08003690   0x00000088   Code   RO         3280    i.HAL_SPI_Init      stm32f4xx_hal_spi.o
    0x08003718   0x00000002   Code   RO         3281    i.HAL_SPI_MspDeInit  stm32f4xx_hal_spi.o
    0x0800371a   0x00000002   PAD
    0x0800371c   0x00000094   Code   RO         4929    i.HAL_SPI_MspInit   device_spi.o
    0x080037b0   0x00000352   Code   RO         3289    i.HAL_SPI_TransmitReceive  stm32f4xx_hal_spi.o
    0x08003b02   0x00000028   Code   RO          636    i.HAL_SYSTICK_CLKSourceConfig  stm32f4xx_hal_cortex.o
    0x08003b2a   0x00000034   Code   RO          638    i.HAL_SYSTICK_Config  stm32f4xx_hal_cortex.o
    0x08003b5e   0x0000003e   Code   RO         1167    i.HAL_UART_DMAStop  stm32f4xx_hal_uart.o
    0x08003b9c   0x00000002   Code   RO         1169    i.HAL_UART_ErrorCallback  stm32f4xx_hal_uart.o
    0x08003b9e   0x00000024   Code   RO         1172    i.HAL_UART_IRQHandler  stm32f4xx_hal_uart.o
    0x08003bc2   0x00000072   Code   RO         1173    i.HAL_UART_Init     stm32f4xx_hal_uart.o
    0x08003c34   0x00000002   Code   RO         1175    i.HAL_UART_MspInit  stm32f4xx_hal_uart.o
    0x08003c36   0x00000002   PAD
    0x08003c38   0x00000088   Code   RO         1177    i.HAL_UART_Receive_DMA  stm32f4xx_hal_uart.o
    0x08003cc0   0x00000002   Code   RO         4544    i.HAL_UART_RxCpltCallback  device_usart.o
    0x08003cc2   0x00000002   Code   RO         1179    i.HAL_UART_RxHalfCpltCallback  stm32f4xx_hal_uart.o
    0x08003cc4   0x000000c4   Code   RO         1180    i.HAL_UART_Transmit  stm32f4xx_hal_uart.o
    0x08003d88   0x00000094   Code   RO         1181    i.HAL_UART_Transmit_DMA  stm32f4xx_hal_uart.o
    0x08003e1c   0x00000024   Code   RO         4545    i.HAL_UART_TxCpltCallback  device_usart.o
    0x08003e40   0x00000002   Code   RO         1183    i.HAL_UART_TxHalfCpltCallback  stm32f4xx_hal_uart.o
    0x08003e42   0x00000002   PAD
    0x08003e44   0x00000200   Code   RO         3776    i.HSI_Clock_Init    system.o
    0x08004044   0x000003c0   Code   RO         5286    i.HomePageShow      device_menu.o
    0x08004404   0x000000ec   Code   RO         5287    i.HomeWindow        device_menu.o
    0x080044f0   0x00000518   Code   RO         5288    i.HomepageParsing   device_menu.o
    0x08004a08   0x0000004c   Code   RO         4787    i.IIC1_Init         device_iic.o
    0x08004a54   0x0000008c   Code   RO         4788    i.IIC1_MspInit      device_iic.o
    0x08004ae0   0x000000f4   Code   RO         5289    i.IndelayMenuShow   device_menu.o
    0x08004bd4   0x00000074   Code   RO         5477    i.Init433Module     device_433.o
    0x08004c48   0x00000070   Code   RO            4    i.InitData          main.o
    0x08004cb8   0x00000114   Code   RO         5021    i.InitLCD           device_oled.o
    0x08004dcc   0x0000012c   Code   RO         5290    i.InoutMenuShow     device_menu.o
    0x08004ef8   0x00000084   Code   RO         5184    i.KeyBeeFunction    device_key.o
    0x08004f7c   0x00000b90   Code   RO         5185    i.KeyProcess        device_key.o
    0x08005b0c   0x00000730   Code   RO         5186    i.KeyScan_Result    device_key.o
    0x0800623c   0x00000154   Code   RO         5187    i.KeyStatusDetect_Callback  device_key.o
    0x08006390   0x00000144   Code   RO         5188    i.Key_init          device_key.o
    0x080064d4   0x0000003c   Code   RO         5025    i.LCD_Fill          device_oled.o
    0x08006510   0x00000064   Code   RO         5030    i.LCD_Print         device_oled.o
    0x08006574   0x0000002a   Code   RO         5034    i.LCD_Set_Pos       device_oled.o
    0x0800659e   0x00000002   PAD
    0x080065a0   0x00000020   Code   RO         5035    i.LCD_WrCmd         device_oled.o
    0x080065c0   0x0000002c   Code   RO         5036    i.LCD_WrDat         device_oled.o
    0x080065ec   0x0000006c   Code   RO         5291    i.LanguageSetMenu   device_menu.o
    0x08006658   0x00000004   Code   RO          361    i.MemManage_Handler  stm32f4xx_it.o
    0x0800665c   0x00000088   Code   RO         5521    i.ModbusMasterAsk   device_crc.o
    0x080066e4   0x00000060   Code   RO         5522    i.ModbusMasterRead  device_crc.o
    0x08006744   0x000000ec   Code   RO         5292    i.MovementMenuShow  device_menu.o
    0x08006830   0x00000002   Code   RO          362    i.NMI_Handler       stm32f4xx_it.o
    0x08006832   0x00000002   PAD
    0x08006834   0x00000010   Code   RO          640    i.NVIC_GetPriorityGrouping  stm32f4xx_hal_cortex.o
    0x08006844   0x00000028   Code   RO          641    i.NVIC_SetPriority  stm32f4xx_hal_cortex.o
    0x0800686c   0x00000060   Code   RO         5037    i.OLED_DrawPoint    device_oled.o
    0x080068cc   0x00000044   Code   RO         5039    i.OLED_Refresh_Gram  device_oled.o
    0x08006910   0x00000010   Code   RO          363    i.OTG_FS_IRQHandler  stm32f4xx_it.o
    0x08006920   0x000000ec   Code   RO         5293    i.OutnumMenuShow    device_menu.o
    0x08006a0c   0x000000b0   Code   RO         2776    i.PCD_WriteEmptyTxFifo  stm32f4xx_hal_pcd.o
    0x08006abc   0x00000094   Code   RO         4547    i.ParaInitRead      device_usart.o
    0x08006b50   0x0000014c   Code   RO         5294    i.ParaSetFunction   device_menu.o
    0x08006c9c   0x000000d8   Code   RO         5295    i.ParameterInqury   device_menu.o
    0x08006d74   0x00000190   Code   RO         5296    i.ParameterSetShow  device_menu.o
    0x08006f04   0x0000007c   Code   RO         5297    i.ParameterSetupMenu  device_menu.o
    0x08006f80   0x00000018   Code   RO         5189    i.PowerDownDevice   device_key.o
    0x08006f98   0x00000034   Code   RO         5298    i.PoweroffMenu      device_menu.o
    0x08006fcc   0x000001ec   Code   RO         5299    i.PoweroffTime      device_menu.o
    0x080071b8   0x00000080   Code   RO         5040    i.PutAscii          device_oled.o
    0x08007238   0x000000e8   Code   RO         5041    i.PutHanzi          device_oled.o
    0x08007320   0x00000078   Code   RO         5300    i.RegisterID        device_menu.o
    0x08007398   0x00000020   Code   RO         4930    i.SPI1_ReadWriteByte  device_spi.o
    0x080073b8   0x000000b4   Code   RO         4931    i.SPI1_init         device_spi.o
    0x0800746c   0x00000114   Code   RO         3311    i.SPI_WaitOnFlagUntilTimeout  stm32f4xx_hal_spi.o
    0x08007580   0x00000002   Code   RO          364    i.SVC_Handler       stm32f4xx_it.o
    0x08007582   0x00000002   PAD
    0x08007584   0x000001ec   Code   RO         5301    i.SelectFrebandMenuShow  device_menu.o
    0x08007770   0x0000014c   Code   RO         5302    i.SelectReceiverMenuShow  device_menu.o
    0x080078bc   0x000000d0   Code   RO         5478    i.SetFrequency      device_433.o
    0x0800798c   0x000000cc   Code   RO         5479    i.SetSlaverAddr     device_433.o
    0x08007a58   0x000000e4   Code   RO         5303    i.SetupPageShow     device_menu.o
    0x08007b3c   0x0000002c   Code   RO         5304    i.SetupWindow       device_menu.o
    0x08007b68   0x00000158   Code   RO         5191    i.SingleClickDetect  device_key.o
    0x08007cc0   0x0000010c   Code   RO         5305    i.SpacingMenuShow   device_menu.o
    0x08007dcc   0x0000003c   Code   RO         5306    i.SysSetFunction    device_menu.o
    0x08007e08   0x00000014   Code   RO         7236    i.SysTick_Handler   board.o
    0x08007e1c   0x00000064   Code   RO          431    i.SystemInit        system_stm32f4xx.o
    0x08007e80   0x00000110   Code   RO         5307    i.SystemSetPageShow  device_menu.o
    0x08007f90   0x00000054   Code   RO         5308    i.SystemSetupMenu   device_menu.o
    0x08007fe4   0x00000026   Code   RO         1184    i.UART_DMAError     stm32f4xx_hal_uart.o
    0x0800800a   0x0000002e   Code   RO         1185    i.UART_DMAReceiveCplt  stm32f4xx_hal_uart.o
    0x08008038   0x0000000e   Code   RO         1186    i.UART_DMARxHalfCplt  stm32f4xx_hal_uart.o
    0x08008046   0x00000036   Code   RO         1187    i.UART_DMATransmitCplt  stm32f4xx_hal_uart.o
    0x0800807c   0x0000000e   Code   RO         1188    i.UART_DMATxHalfCplt  stm32f4xx_hal_uart.o
    0x0800808a   0x00000066   Code   RO         1190    i.UART_Receive_IT   stm32f4xx_hal_uart.o
    0x080080f0   0x00000368   Code   RO         1191    i.UART_SetConfig    stm32f4xx_hal_uart.o
    0x08008458   0x00000104   Code   RO         1193    i.UART_WaitOnFlagUntilTimeout  stm32f4xx_hal_uart.o
    0x0800855c   0x00000018   Code   RO         4548    i.USART1_IRQHandler  device_usart.o
    0x08008574   0x00000010   Code   RO         4549    i.USART2_IRQHandler  device_usart.o
    0x08008584   0x00000016   Code   RO         6008    i.USBD_ClrClassConfig  usbd_core.o
    0x0800859a   0x00000044   Code   RO         6146    i.USBD_ClrFeature   usbd_ctlreq.o
    0x080085de   0x00000018   Code   RO         6241    i.USBD_CtlContinueRx  usbd_ioreq.o
    0x080085f6   0x00000018   Code   RO         6242    i.USBD_CtlContinueSendData  usbd_ioreq.o
    0x0800860e   0x00000018   Code   RO         6147    i.USBD_CtlError     usbd_ctlreq.o
    0x08008626   0x0000001a   Code   RO         6244    i.USBD_CtlReceiveStatus  usbd_ioreq.o
    0x08008640   0x00000022   Code   RO         6245    i.USBD_CtlSendData  usbd_ioreq.o
    0x08008662   0x0000001a   Code   RO         6246    i.USBD_CtlSendStatus  usbd_ioreq.o
    0x0800867c   0x00000050   Code   RO         6148    i.USBD_GetConfig    usbd_ctlreq.o
    0x080086cc   0x00000148   Code   RO         6149    i.USBD_GetDescriptor  usbd_ctlreq.o
    0x08008814   0x00000044   Code   RO         6151    i.USBD_GetStatus    usbd_ctlreq.o
    0x08008858   0x00000014   Code   RO         5646    i.USBD_LL_ClearStallEP  usbd_conf.o
    0x0800886c   0x000000da   Code   RO         6011    i.USBD_LL_DataInStage  usbd_core.o
    0x08008946   0x00000086   Code   RO         6012    i.USBD_LL_DataOutStage  usbd_core.o
    0x080089cc   0x00000006   Code   RO         6013    i.USBD_LL_DevConnected  usbd_core.o
    0x080089d2   0x0000001a   Code   RO         6014    i.USBD_LL_DevDisconnected  usbd_core.o
    0x080089ec   0x00000038   Code   RO         5653    i.USBD_LL_IsStallEP  usbd_conf.o
    0x08008a24   0x00000006   Code   RO         6015    i.USBD_LL_IsoINIncomplete  usbd_core.o
    0x08008a2a   0x00000006   Code   RO         6016    i.USBD_LL_IsoOUTIncomplete  usbd_core.o
    0x08008a30   0x00000020   Code   RO         5654    i.USBD_LL_OpenEP    usbd_conf.o
    0x08008a50   0x00000020   Code   RO         5655    i.USBD_LL_PrepareReceive  usbd_conf.o
    0x08008a70   0x00000044   Code   RO         6017    i.USBD_LL_Reset     usbd_core.o
    0x08008ab4   0x0000000e   Code   RO         6018    i.USBD_LL_Resume    usbd_core.o
    0x08008ac2   0x00000022   Code   RO         6019    i.USBD_LL_SOF       usbd_core.o
    0x08008ae4   0x00000008   Code   RO         6020    i.USBD_LL_SetSpeed  usbd_core.o
    0x08008aec   0x00000014   Code   RO         5656    i.USBD_LL_SetUSBAddress  usbd_conf.o
    0x08008b00   0x0000006e   Code   RO         6021    i.USBD_LL_SetupStage  usbd_core.o
    0x08008b6e   0x00000014   Code   RO         5657    i.USBD_LL_StallEP   usbd_conf.o
    0x08008b82   0x00000014   Code   RO         6022    i.USBD_LL_Suspend   usbd_core.o
    0x08008b96   0x0000002e   Code   RO         5660    i.USBD_LL_Transmit  usbd_conf.o
    0x08008bc4   0x00000028   Code   RO         6153    i.USBD_ParseSetupRequest  usbd_ctlreq.o
    0x08008bec   0x00000006   Code   RO         6024    i.USBD_RunTestMode  usbd_core.o
    0x08008bf2   0x00000054   Code   RO         6154    i.USBD_SetAddress   usbd_ctlreq.o
    0x08008c46   0x00000022   Code   RO         6025    i.USBD_SetClassConfig  usbd_core.o
    0x08008c68   0x000000e0   Code   RO         6155    i.USBD_SetConfig    usbd_ctlreq.o
    0x08008d48   0x00000024   Code   RO         6156    i.USBD_SetFeature   usbd_ctlreq.o
    0x08008d6c   0x00000072   Code   RO         6157    i.USBD_StdDevReq    usbd_ctlreq.o
    0x08008dde   0x00000156   Code   RO         6158    i.USBD_StdEPReq     usbd_ctlreq.o
    0x08008f34   0x0000004a   Code   RO         6159    i.USBD_StdItfReq    usbd_ctlreq.o
    0x08008f7e   0x00000002   PAD
    0x08008f80   0x000000c4   Code   RO         2985    i.USB_ActivateEndpoint  stm32f4xx_ll_usb.o
    0x08009044   0x00000044   Code   RO         2986    i.USB_ActivateSetup  stm32f4xx_ll_usb.o
    0x08009088   0x000001b0   Code   RO         2998    i.USB_EP0StartXfer  stm32f4xx_ll_usb.o
    0x08009238   0x00000044   Code   RO         2999    i.USB_EP0_OutStart  stm32f4xx_ll_usb.o
    0x0800927c   0x00000088   Code   RO         3000    i.USB_EPClearStall  stm32f4xx_ll_usb.o
    0x08009304   0x0000008c   Code   RO         3001    i.USB_EPSetStall    stm32f4xx_ll_usb.o
    0x08009390   0x000002d0   Code   RO         3002    i.USB_EPStartXfer   stm32f4xx_ll_usb.o
    0x08009660   0x00000030   Code   RO         3005    i.USB_FlushTxFifo   stm32f4xx_ll_usb.o
    0x08009690   0x00000044   Code   RO         3007    i.USB_GetDevSpeed   stm32f4xx_ll_usb.o
    0x080096d4   0x0000000a   Code   RO         3009    i.USB_GetMode       stm32f4xx_ll_usb.o
    0x080096de   0x00000012   Code   RO         3016    i.USB_ReadDevAllInEpInterrupt  stm32f4xx_ll_usb.o
    0x080096f0   0x00000012   Code   RO         3017    i.USB_ReadDevAllOutEpInterrupt  stm32f4xx_ll_usb.o
    0x08009702   0x0000002c   Code   RO         3018    i.USB_ReadDevInEPInterrupt  stm32f4xx_ll_usb.o
    0x0800972e   0x00000016   Code   RO         3019    i.USB_ReadDevOutEPInterrupt  stm32f4xx_ll_usb.o
    0x08009744   0x0000000c   Code   RO         3020    i.USB_ReadInterrupts  stm32f4xx_ll_usb.o
    0x08009750   0x00000028   Code   RO         3021    i.USB_ReadPacket    stm32f4xx_ll_usb.o
    0x08009778   0x00000024   Code   RO         3024    i.USB_SetDevAddress  stm32f4xx_ll_usb.o
    0x0800979c   0x0000003a   Code   RO         3028    i.USB_WritePacket   stm32f4xx_ll_usb.o
    0x080097d6   0x00000004   Code   RO          365    i.UsageFault_Handler  stm32f4xx_it.o
    0x080097da   0x00000002   PAD
    0x080097dc   0x00000058   Code   RO         4551    i.UsartReceive_IDLE  device_usart.o
    0x08009834   0x00000028   Code   RO         7340    i.__0sprintf$1      mc_w.l(printf1.o)
    0x0800985c   0x0000004c   Code   RO         6646    i.__rt_ffs          kservice.o
    0x080098a8   0x0000000e   Code   RO         7646    i.__scatterload_copy  mc_w.l(handlers.o)
    0x080098b6   0x00000002   Code   RO         7647    i.__scatterload_null  mc_w.l(handlers.o)
    0x080098b8   0x0000000e   Code   RO         7648    i.__scatterload_zeroinit  mc_w.l(handlers.o)
    0x080098c6   0x00000002   PAD
    0x080098c8   0x00000014   Code   RO         6450    i._has_defunct_thread  idle.o
    0x080098dc   0x00000154   Code   RO         7345    i._printf_core      mc_w.l(printf1.o)
    0x08009a30   0x00000084   Code   RO         7010    i._rt_thread_init   thread.o
    0x08009ab4   0x00000042   Code   RO         7125    i._rt_timer_init    timer.o
    0x08009af6   0x0000002e   Code   RO         7126    i._rt_timer_remove  timer.o
    0x08009b24   0x0000000a   Code   RO         7347    i._sputc            mc_w.l(printf1.o)
    0x08009b2e   0x00000002   PAD
    0x08009b30   0x00000044   Code   RO         3778    i.delay_init        system.o
    0x08009b74   0x00000050   Code   RO         3779    i.delay_ms          system.o
    0x08009bc4   0x00000008   Code   RO         3780    i.delay_osschedlock  system.o
    0x08009bcc   0x00000008   Code   RO         3781    i.delay_osschedunlock  system.o
    0x08009bd4   0x0000000c   Code   RO         3782    i.delay_ostimedly   system.o
    0x08009be0   0x00000058   Code   RO         3783    i.delay_us          system.o
    0x08009c38   0x00000114   Code   RO         5309    i.lengthMenuShow    device_menu.o
    0x08009d4c   0x00000180   Code   RO            5    i.main              main.o
    0x08009ecc   0x0000000e   Code   RO         6377    i.main_thread_entry  components.o
    0x08009eda   0x00000002   PAD
    0x08009edc   0x00000078   Code   RO         6823    i.plug_holes        mem.o
    0x08009f54   0x0000018c   Code   RO         6648    i.print_number      kservice.o
    0x0800a0e0   0x0000002c   Code   RO         6378    i.rt_application_init  components.o
    0x0800a10c   0x0000001c   Code   RO         6379    i.rt_components_board_init  components.o
    0x0800a128   0x0000001c   Code   RO         6380    i.rt_components_init  components.o
    0x0800a144   0x00000020   Code   RO         6944    i.rt_enter_critical  scheduler.o
    0x0800a164   0x0000003c   Code   RO         6945    i.rt_exit_critical  scheduler.o
    0x0800a1a0   0x00000078   Code   RO         6825    i.rt_free           mem.o
    0x0800a218   0x000000e8   Code   RO         7237    i.rt_hw_board_init  board.o
    0x0800a300   0x0000000e   Code   RO            6    i.rt_hw_console_output  main.o
    0x0800a30e   0x00000002   PAD
    0x0800a310   0x0000010c   Code   RO         6304    i.rt_hw_hard_fault_exception  cpuport.o
    0x0800a41c   0x00000050   Code   RO         6305    i.rt_hw_stack_init  cpuport.o
    0x0800a46c   0x00000020   Code   RO         6619    i.rt_interrupt_enter  irq.o
    0x0800a48c   0x00000020   Code   RO         6621    i.rt_interrupt_leave  irq.o
    0x0800a4ac   0x00000014   Code   RO         6490    i.rt_ipc_list_resume  ipc.o
    0x0800a4c0   0x0000006c   Code   RO         6492    i.rt_ipc_list_suspend  ipc.o
    0x0800a52c   0x00000010   Code   RO         6493    i.rt_ipc_object_init  ipc.o
    0x0800a53c   0x00000030   Code   RO         6652    i.rt_kprintf        kservice.o
    0x0800a56c   0x00000006   Code   RO         6946    i.rt_list_init      scheduler.o
    0x0800a572   0x00000006   Code   RO         7127    i.rt_list_init      timer.o
    0x0800a578   0x0000000e   Code   RO         6873    i.rt_list_insert_after  object.o
    0x0800a586   0x0000000e   Code   RO         7011    i.rt_list_insert_after  thread.o
    0x0800a594   0x0000000e   Code   RO         7128    i.rt_list_insert_after  timer.o
    0x0800a5a2   0x0000000e   Code   RO         6494    i.rt_list_insert_before  ipc.o
    0x0800a5b0   0x00000010   Code   RO         6495    i.rt_list_isempty   ipc.o
    0x0800a5c0   0x00000010   Code   RO         7129    i.rt_list_isempty   timer.o
    0x0800a5d0   0x00000012   Code   RO         6874    i.rt_list_remove    object.o
    0x0800a5e2   0x00000012   Code   RO         7012    i.rt_list_remove    thread.o
    0x0800a5f4   0x0000016c   Code   RO         6826    i.rt_malloc         mem.o
    0x0800a760   0x00000048   Code   RO         6658    i.rt_memset         kservice.o
    0x0800a7a8   0x00000032   Code   RO         6497    i.rt_mutex_create   ipc.o
    0x0800a7da   0x00000002   PAD
    0x0800a7dc   0x0000004c   Code   RO         6875    i.rt_object_allocate  object.o
    0x0800a828   0x00000020   Code   RO         6876    i.rt_object_delete  object.o
    0x0800a848   0x0000001a   Code   RO         6877    i.rt_object_detach  object.o
    0x0800a862   0x00000002   PAD
    0x0800a864   0x00000040   Code   RO         6880    i.rt_object_init    object.o
    0x0800a8a4   0x00000012   Code   RO         6881    i.rt_object_is_systemobject  object.o
    0x0800a8b6   0x00000002   PAD
    0x0800a8b8   0x0000007c   Code   RO         6947    i.rt_schedule       scheduler.o
    0x0800a934   0x00000048   Code   RO         6948    i.rt_schedule_insert_thread  scheduler.o
    0x0800a97c   0x00000054   Code   RO         6949    i.rt_schedule_remove_thread  scheduler.o
    0x0800a9d0   0x00000026   Code   RO         6507    i.rt_sem_init       ipc.o
    0x0800a9f6   0x0000003a   Code   RO         6508    i.rt_sem_release    ipc.o
    0x0800aa30   0x00000074   Code   RO         6509    i.rt_sem_take       ipc.o
    0x0800aaa4   0x000000d8   Code   RO         6660    i.rt_show_version   kservice.o
    0x0800ab7c   0x00000012   Code   RO         6666    i.rt_strlen         kservice.o
    0x0800ab8e   0x00000034   Code   RO         6668    i.rt_strncpy        kservice.o
    0x0800abc2   0x00000002   PAD
    0x0800abc4   0x000000f8   Code   RO         6829    i.rt_system_heap_init  mem.o
    0x0800acbc   0x0000004c   Code   RO         6950    i.rt_system_scheduler_init  scheduler.o
    0x0800ad08   0x00000030   Code   RO         6951    i.rt_system_scheduler_start  scheduler.o
    0x0800ad38   0x0000001c   Code   RO         7130    i.rt_system_timer_init  timer.o
    0x0800ad54   0x00000002   Code   RO         7131    i.rt_system_timer_thread_init  timer.o
    0x0800ad56   0x00000050   Code   RO         7014    i.rt_thread_create  thread.o
    0x0800ada6   0x0000000c   Code   RO         7015    i.rt_thread_delay   thread.o
    0x0800adb2   0x00000002   PAD
    0x0800adb4   0x00000054   Code   RO         7018    i.rt_thread_exit    thread.o
    0x0800ae08   0x00000008   Code   RO         6451    i.rt_thread_idle_entry  idle.o
    0x0800ae10   0x00000078   Code   RO         6452    i.rt_thread_idle_excute  idle.o
    0x0800ae88   0x0000003c   Code   RO         6454    i.rt_thread_idle_init  idle.o
    0x0800aec4   0x00000034   Code   RO         7020    i.rt_thread_init    thread.o
    0x0800aef8   0x00000038   Code   RO         7021    i.rt_thread_resume  thread.o
    0x0800af30   0x0000000c   Code   RO         7022    i.rt_thread_self    thread.o
    0x0800af3c   0x00000044   Code   RO         7023    i.rt_thread_sleep   thread.o
    0x0800af80   0x0000002c   Code   RO         7024    i.rt_thread_startup  thread.o
    0x0800afac   0x00000036   Code   RO         7025    i.rt_thread_suspend  thread.o
    0x0800afe2   0x00000020   Code   RO         7026    i.rt_thread_timeout  thread.o
    0x0800b002   0x00000002   PAD
    0x0800b004   0x00000060   Code   RO         7027    i.rt_thread_yield   thread.o
    0x0800b064   0x0000000c   Code   RO         6337    i.rt_tick_get       clock.o
    0x0800b070   0x00000030   Code   RO         6338    i.rt_tick_increase  clock.o
    0x0800b0a0   0x0000007c   Code   RO         7132    i.rt_timer_check    timer.o
    0x0800b11c   0x00000038   Code   RO         7133    i.rt_timer_control  timer.o
    0x0800b154   0x00000020   Code   RO         7135    i.rt_timer_delete   timer.o
    0x0800b174   0x00000020   Code   RO         7136    i.rt_timer_detach   timer.o
    0x0800b194   0x0000002e   Code   RO         7137    i.rt_timer_init     timer.o
    0x0800b1c2   0x00000002   PAD
    0x0800b1c4   0x000000f8   Code   RO         7140    i.rt_timer_start    timer.o
    0x0800b2bc   0x00000030   Code   RO         7141    i.rt_timer_stop     timer.o
    0x0800b2ec   0x00000328   Code   RO         6671    i.rt_vsnprintf      kservice.o
    0x0800b614   0x00000004   Code   RO         6381    i.rti_board_end     components.o
    0x0800b618   0x00000004   Code   RO         6382    i.rti_board_start   components.o
    0x0800b61c   0x00000004   Code   RO         6383    i.rti_end           components.o
    0x0800b620   0x0000002a   Code   RO         6385    i.rtthread_startup  components.o
    0x0800b64a   0x00000026   Code   RO         6673    i.skip_atoi         kservice.o
    0x0800b670   0x000001b8   Code   RO         5192    i.thread_Key_scan_entry  device_key.o
    0x0800b828   0x0000011c   Code   RO         5310    i.thread_Menu_show_entry  device_menu.o
    0x0800b944   0x000000c0   Code   RO         4554    i.thread_uartDMA_receive_entry  device_usart.o
    0x0800ba04   0x00000018   Code   RO         4555    i.uart1_SendByte    device_usart.o
    0x0800ba1c   0x00000038   Code   RO         4556    i.uart1_SendData_DMA  device_usart.o
    0x0800ba54   0x0000001c   Code   RO         4557    i.uart1_SendNByte   device_usart.o
    0x0800ba70   0x00000024   Code   RO         4558    i.uart1_SendString  device_usart.o
    0x0800ba94   0x00000208   Code   RO         4559    i.uart1_init        device_usart.o
    0x0800bc9c   0x00000010   Data   RO         1030    .constdata          stm32f4xx_hal_rcc.o
    0x0800bcac   0x00000008   Data   RO         1631    .constdata          stm32f4xx_hal_dma.o
    0x0800bcb4   0x00000c54   Data   RO         3865    .constdata          systemglobal.o
    0x0800c908   0x00000300   Data   RO         3983    .constdata          font5_7.o
    0x0800cc08   0x00000008   Data   RO         4179    .constdata          gui_stockc.o
    0x0800cc10   0x00000188   Data   RO         4344    .constdata          menu.o
    0x0800cd98   0x00001674   Data   RO         5043    .constdata          device_oled.o
    0x0800e40c   0x00000003   Data   RO         5194    .constdata          device_key.o
    0x0800e40f   0x00000027   Data   RO         5480    .constdata          device_433.o
    0x0800e436   0x00000200   Data   RO         5523    .constdata          device_crc.o
    0x0800e636   0x00000122   Data   RO         6675    .constdata          kservice.o
    0x0800e758   0x00000004   Data   RO         6387    .rti_fn.0.end       components.o
    0x0800e75c   0x00000004   Data   RO         6388    .rti_fn.1.end       components.o
    0x0800e760   0x00000004   Data   RO         6389    .rti_fn.6.end       components.o
    0x0800e764   0x00000020   Data   RO         7644    Region$$Table       anon$$obj.o


    Execution Region RW_IRAM1 (Base: 0x20000000, Size: 0x00001c48, Max: 0x00018000, ABSOLUTE, COMPRESSED[0x000000d0])

    Base Addr    Size         Type   Attr      Idx    E Section Name        Object

    0x20000000   0x0000000c   Data   RW            7    .data               main.o
    0x2000000c   0x00000004   Data   RW          433    .data               system_stm32f4xx.o
    0x20000010   0x00000004   Data   RW          499    .data               stm32f4xx_hal.o
    0x20000014   0x0000002c   Data   RW         3786    .data               system.o
    0x20000040   0x000000b8   Data   RW         3866    .data               systemglobal.o
    0x200000f8   0x00000002   Data   RW         4180    .data               gui_stockc.o
    0x200000fa   0x00000002   PAD
    0x200000fc   0x00000010   Data   RW         4565    .data               device_usart.o
    0x2000010c   0x0000000d   Data   RW         4745    .data               device_adc.o
    0x20000119   0x00000008   Data   RW         4974    .data               device_flash.o
    0x20000121   0x00000003   PAD
    0x20000124   0x00000008   Data   RW         5044    .data               device_oled.o
    0x2000012c   0x0000004d   Data   RW         5195    .data               device_key.o
    0x20000179   0x00000003   PAD
    0x2000017c   0x0000005c   Data   RW         5312    .data               device_menu.o
    0x200001d8   0x00000010   Data   RW         5481    .data               device_433.o
    0x200001e8   0x00000010   Data   RW         5524    .data               device_crc.o
    0x200001f8   0x00000001   Data   RW         6160    .data               usbd_ctlreq.o
    0x200001f9   0x00000003   PAD
    0x200001fc   0x00000010   Data   RW         6306    .data               cpuport.o
    0x2000020c   0x00000004   Data   RW         6340    .data               clock.o
    0x20000210   0x00000001   Data   RW         6622    .data               irq.o
    0x20000211   0x00000003   PAD
    0x20000214   0x00000018   Data   RW         6831    .data               mem.o
    0x2000022c   0x00000050   Data   RW         6883    .data               object.o
    0x2000027c   0x00000018   Data   RW         6953    .data               scheduler.o
    0x20000294   0x0000000c   Data   RW         7142    .data               timer.o
    0x200002a0   0x00000020   Zero   RW         3533    .bss                stm32f4xx_hal_flash.o
    0x200002c0   0x00000078   Zero   RW         3784    .bss                system.o
    0x20000338   0x0000018e   Zero   RW         3864    .bss                systemglobal.o
    0x200004c6   0x00000704   Zero   RW         4564    .bss                device_usart.o
    0x20000bca   0x00000002   PAD
    0x20000bcc   0x00000044   Zero   RW         4744    .bss                device_adc.o
    0x20000c10   0x0000003c   Zero   RW         4791    .bss                device_iic.o
    0x20000c4c   0x00000064   Zero   RW         4932    .bss                device_spi.o
    0x20000cb0   0x00000014   Zero   RW         4973    .bss                device_flash.o
    0x20000cc4   0x00000400   Zero   RW         5042    .bss                device_oled.o
    0x200010c4   0x000000dc   Zero   RW         5193    .bss                device_key.o
    0x200011a0   0x00000088   Zero   RW         5311    .bss                device_menu.o
    0x20001228   0x000003b8   Zero   RW         5661    .bss                usbd_conf.o
    0x200015e0   0x00000178   Zero   RW         6455    .bss                idle.o
    0x20001758   0x00000080   Zero   RW         6674    .bss                kservice.o
    0x200017d8   0x00000020   Zero   RW         6830    .bss                mem.o
    0x200017f8   0x00000040   Zero   RW         6952    .bss                scheduler.o
    0x20001838   0x0000000c   Zero   RW         7238    .bss                board.o
    0x20001844   0x00000004   PAD
    0x20001848   0x00000400   Zero   RW          468    STACK               startup_stm32f401xe.o


==============================================================================

Image component sizes


      Code (inc. data)   RO Data    RW Data    ZI Data      Debug   Object Name

       316         60          0          0         12      29119   board.o
        60         12          0          4          0       1265   clock.o
       182         28         12          0          0       5816   components.o
       268         24          0          0          0        916   context_rvds.o
       348        166          0         16          0       3754   cpuport.o
       528         48         39         16          0       2620   device_433.o
       316         46          0         13         68       3006   device_adc.o
       292         46        512         16          0       2946   device_crc.o
       516         46          0          8         20       3406   device_flash.o
       120         10          0          0          0        908   device_gpio.o
       216         16          0          0         60       1750   device_iic.o
      6632       1034          3         77        220      13227   device_key.o
      8548       2148          0         92        136      20419   device_menu.o
      1078         56       5748          8       1024       8156   device_oled.o
       360         32          0          0        100       2525   device_spi.o
      1538        222          0         16       1796      14286   device_usart.o
         0          0          0          0          0       4384   device_usb.o
       188         16        768          0          0       2125   font5_7.o
       400          0          0          0          0       2715   gui_basic.o
        48         20          8          2          0       1647   gui_stockc.o
       208         32          0          0        376       4162   idle.o
       436          0          0          0          0       7503   ipc.o
        64         12          0          1          0       1702   irq.o
      1724        198        290          0        128       9228   kservice.o
       136          0          0          0          0       2980   lcmdrv.o
       252         14          0          0          0       2692   loadbit.o
       510        256          0         12          0     433382   main.o
       852        150          0         24         32       4088   mem.o
       112         16        392          0          0       3002   menu.o
       248         10          0         80          0       6138   object.o
       502         88          0         24         64       7226   scheduler.o
        36          8        404          0       1024        836   startup_stm32f401xe.o
       134         16          0          4          0       4216   stm32f4xx_hal.o
      1198         56          0          0          0       4902   stm32f4xx_hal_adc.o
       338         22          0          0          0      31473   stm32f4xx_hal_cortex.o
       964         16          8          0          0       5239   stm32f4xx_hal_dma.o
       668         60          0          0         32       6098   stm32f4xx_hal_flash.o
       448         24          0          0          0       3390   stm32f4xx_hal_flash_ex.o
       496         32          0          0          0       3091   stm32f4xx_hal_gpio.o
       298         10          0          0          0       2560   stm32f4xx_hal_i2c.o
      2208          0          0          0          0       8023   stm32f4xx_hal_pcd.o
      2044         66         16          0          0       6075   stm32f4xx_hal_rcc.o
      1312          0          0          0          0       4910   stm32f4xx_hal_spi.o
      2100         34          0          0          0      13056   stm32f4xx_hal_uart.o
        34          6          0          0          0       3207   stm32f4xx_it.o
      2134         20          0          0          0      13341   stm32f4xx_ll_usb.o
       780         54          0         44        120      11019   system.o
       100         18          0          4          0       1053   system_stm32f4xx.o
         0          0       3156        184        398       5567   systemglobal.o
       754         36          0          0          0      10959   thread.o
       764         20          0         12          0      10838   timer.o
       518          6          0          0        952      17139   usbd_conf.o
       712          0          0          0          0      11243   usbd_core.o
      1482         30          0          1          0       9903   usbd_ctlreq.o
       134          0          0          0          0       4148   usbd_ioreq.o
       536         16          0          0          0       1860   windows.o

    ----------------------------------------------------------------------
     47234       5356      11388        672       6568     801239   Object Totals
         0          0         32          0          0          0   (incl. Generated)
        44          0          0         14          6          0   (incl. Padding)

    ----------------------------------------------------------------------

      Code (inc. data)   RO Data    RW Data    ZI Data      Debug   Library Member Name

        86          0          0          0          0          0   __dczerorl2.o
         0          0          0          0          0          0   entry.o
         0          0          0          0          0          0   entry10a.o
         0          0          0          0          0          0   entry11a.o
         8          4          0          0          0          0   entry2.o
         4          0          0          0          0          0   entry5.o
         0          0          0          0          0          0   entry7b.o
         0          0          0          0          0          0   entry8b.o
         8          4          0          0          0          0   entry9a.o
        30          0          0          0          0          0   handlers.o
        36          8          0          0          0         68   init.o
        36          0          0          0          0         68   memcpya.o
       390         10          0          0          0        252   printf1.o
        44          0          0          0          0         80   uidiv.o

    ----------------------------------------------------------------------
       646         26          0          0          0        468   Library Totals
         4          0          0          0          0          0   (incl. Padding)

    ----------------------------------------------------------------------

      Code (inc. data)   RO Data    RW Data    ZI Data      Debug   Library Name

       642         26          0          0          0        468   mc_w.l

    ----------------------------------------------------------------------
       646         26          0          0          0        468   Library Totals

    ----------------------------------------------------------------------

==============================================================================


      Code (inc. data)   RO Data    RW Data    ZI Data      Debug   

     47880       5382      11388        672       6568     766135   Grand Totals
     47880       5382      11388        208       6568     766135   ELF Image Totals (compressed)
     47880       5382      11388        208          0          0   ROM Totals

==============================================================================

    Total RO  Size (Code + RO Data)                59268 (  57.88kB)
    Total RW  Size (RW Data + ZI Data)              7240 (   7.07kB)
    Total ROM Size (Code + RO Data + RW Data)      59476 (  58.08kB)

==============================================================================

